Component: ARM Compiler 5.05 update 1 (build 106) Tool: armlink [4d0efa]

==============================================================================

Section Cross References

    main.o(i.main) refers to delay.o(i.delay_init) for delay_init
    main.o(i.main) refers to led.o(i.LED_Init) for LED_Init
    main.o(i.main) refers to misc.o(i.NVIC_PriorityGroupConfig) for NVIC_PriorityGroupConfig
    main.o(i.main) refers to encoder.o(i.Encoder_Init_TIM4) for Encoder_Init_TIM4
    main.o(i.main) refers to usart2.o(i.uart2_init) for uart2_init
    main.o(i.main) refers to oled.o(i.OLED_Init) for OLED_Init
    main.o(i.main) refers to oled.o(i.OLED_Clear) for OLED_Clear
    main.o(i.main) refers to timme.o(i.Timer2_Init) for Timer2_Init
    main.o(i.main) refers to motor.o(i.TIM1_PWM_Init) for TIM1_PWM_Init
    main.o(i.main) refers to motor.o(i.Motor_Init) for Motor_Init
    main.o(i.main) refers to find_track.o(i.find_Init) for find_Init
    main.o(i.main) refers to find_track.o(i.Beep_Mental_Init) for Beep_Mental_Init
    main.o(i.main) refers to find_track.o(i.Find_light_Init) for Find_light_Init
    main.o(i.main) refers to find_track.o(i.Remind_light_beep) for Remind_light_beep
    main.o(i.main) refers to find_track.o(i.display) for display
    main.o(i.main) refers to stm32f10x_gpio.o(i.GPIO_ReadInputDataBit) for GPIO_ReadInputDataBit
    main.o(i.main) refers to stm32f10x_tim.o(i.TIM_Cmd) for TIM_Cmd
    main.o(i.main) refers to find_track.o(i.Turn_off) for Turn_off
    main.o(i.main) refers to find_track.o(i.find_control) for find_control
    main.o(i.main) refers to find_track.o(.bss) for find_tracks
    system_stm32f10x.o(i.SetSysClock) refers to system_stm32f10x.o(i.SetSysClockTo72) for SetSysClockTo72
    system_stm32f10x.o(i.SystemCoreClockUpdate) refers to system_stm32f10x.o(.data) for SystemCoreClock
    system_stm32f10x.o(i.SystemInit) refers to system_stm32f10x.o(i.SetSysClock) for SetSysClock
    led.o(i.LED_Init) refers to magec.o(i.GPIOSet) for GPIOSet
    magec.o(i.NVICSet) refers to magec.o(.data) for setGrouped
    openmv_data.o(i.OPNMV_DataHandle) refers to openmv_data.o(.data) for ucRxCnt
    usart2.o(i.USART2_IRQHandler) refers to stm32f10x_usart.o(i.USART_GetITStatus) for USART_GetITStatus
    usart2.o(i.USART2_IRQHandler) refers to openmv_data.o(i.OPNMV_DataHandle) for OPNMV_DataHandle
    usart2.o(i.USART2_IRQHandler) refers to stm32f10x_usart.o(i.USART_ClearITPendingBit) for USART_ClearITPendingBit
    usart2.o(i.uart2_init) refers to stm32f10x_rcc.o(i.RCC_APB2PeriphClockCmd) for RCC_APB2PeriphClockCmd
    usart2.o(i.uart2_init) refers to stm32f10x_rcc.o(i.RCC_APB1PeriphClockCmd) for RCC_APB1PeriphClockCmd
    usart2.o(i.uart2_init) refers to stm32f10x_gpio.o(i.GPIO_Init) for GPIO_Init
    usart2.o(i.uart2_init) refers to stm32f10x_rcc.o(i.RCC_APB1PeriphResetCmd) for RCC_APB1PeriphResetCmd
    usart2.o(i.uart2_init) refers to misc.o(i.NVIC_Init) for NVIC_Init
    usart2.o(i.uart2_init) refers to stm32f10x_usart.o(i.USART_Init) for USART_Init
    usart2.o(i.uart2_init) refers to stm32f10x_usart.o(i.USART_ITConfig) for USART_ITConfig
    usart2.o(i.uart2_init) refers to stm32f10x_usart.o(i.USART_Cmd) for USART_Cmd
    timme.o(i.TIM2_IRQHandler) refers to stm32f10x_tim.o(i.TIM_GetITStatus) for TIM_GetITStatus
    timme.o(i.TIM2_IRQHandler) refers to stm32f10x_tim.o(i.TIM_ClearITPendingBit) for TIM_ClearITPendingBit
    timme.o(i.TIM2_IRQHandler) refers to find_track.o(.bss) for find_tracks
    timme.o(i.Timer2_Init) refers to stm32f10x_rcc.o(i.RCC_APB1PeriphClockCmd) for RCC_APB1PeriphClockCmd
    timme.o(i.Timer2_Init) refers to stm32f10x_tim.o(i.TIM_TimeBaseInit) for TIM_TimeBaseInit
    timme.o(i.Timer2_Init) refers to stm32f10x_tim.o(i.TIM_ITConfig) for TIM_ITConfig
    timme.o(i.Timer2_Init) refers to misc.o(i.NVIC_Init) for NVIC_Init
    timme.o(i.Timer2_Init) refers to stm32f10x_tim.o(i.TIM_Cmd) for TIM_Cmd
    key.o(i.KEY1_Init) refers to stm32f10x_rcc.o(i.RCC_APB2PeriphClockCmd) for RCC_APB2PeriphClockCmd
    key.o(i.KEY1_Init) refers to stm32f10x_gpio.o(i.GPIO_Init) for GPIO_Init
    key.o(i.KEY1_Scan) refers to key.o(.data) for flag_key
    key.o(i.KEY_Init) refers to stm32f10x_rcc.o(i.RCC_APB2PeriphClockCmd) for RCC_APB2PeriphClockCmd
    key.o(i.KEY_Init) refers to stm32f10x_gpio.o(i.GPIO_Init) for GPIO_Init
    key.o(i.KEY_Scan) refers to stm32f10x_gpio.o(i.GPIO_ReadInputDataBit) for GPIO_ReadInputDataBit
    key.o(i.KEY_Scan) refers to delay.o(i.delay_ms) for delay_ms
    key.o(i.KEY_Scan) refers to key.o(.data) for key_up
    encoder.o(i.Encoder_Init_TIM2) refers to stm32f10x_rcc.o(i.RCC_APB1PeriphClockCmd) for RCC_APB1PeriphClockCmd
    encoder.o(i.Encoder_Init_TIM2) refers to stm32f10x_rcc.o(i.RCC_APB2PeriphClockCmd) for RCC_APB2PeriphClockCmd
    encoder.o(i.Encoder_Init_TIM2) refers to stm32f10x_gpio.o(i.GPIO_Init) for GPIO_Init
    encoder.o(i.Encoder_Init_TIM2) refers to stm32f10x_tim.o(i.TIM_TimeBaseStructInit) for TIM_TimeBaseStructInit
[...]
    Removing stm32f10x_spi.o(i.I2S_Init), (232 bytes).
    Removing stm32f10x_spi.o(i.I2S_StructInit), (20 bytes).
    Removing stm32f10x_spi.o(i.SPI_BiDirectionalLineConfig), (28 bytes).
    Removing stm32f10x_spi.o(i.SPI_CalculateCRC), (24 bytes).
    Removing stm32f10x_spi.o(i.SPI_Cmd), (24 bytes).
    Removing stm32f10x_spi.o(i.SPI_DataSizeConfig), (18 bytes).
    Removing stm32f10x_spi.o(i.SPI_GetCRC), (16 bytes).
    Removing stm32f10x_spi.o(i.SPI_GetCRCPolynomial), (6 bytes).
    Removing stm32f10x_spi.o(i.SPI_I2S_ClearFlag), (6 bytes).
    Removing stm32f10x_spi.o(i.SPI_I2S_ClearITPendingBit), (20 bytes).
    Removing stm32f10x_spi.o(i.SPI_I2S_DMACmd), (18 bytes).
    Removing stm32f10x_spi.o(i.SPI_I2S_DeInit), (88 bytes).
    Removing stm32f10x_spi.o(i.SPI_I2S_GetFlagStatus), (18 bytes).
    Removing stm32f10x_spi.o(i.SPI_I2S_GetITStatus), (52 bytes).
    Removing stm32f10x_spi.o(i.SPI_I2S_ITConfig), (32 bytes).
    Removing stm32f10x_spi.o(i.SPI_I2S_ReceiveData), (6 bytes).
    Removing stm32f10x_spi.o(i.SPI_I2S_SendData), (4 bytes).
    Removing stm32f10x_spi.o(i.SPI_Init), (60 bytes).
    Removing stm32f10x_spi.o(i.SPI_NSSInternalSoftwareConfig), (30 bytes).
    Removing stm32f10x_spi.o(i.SPI_SSOutputCmd), (24 bytes).
    Removing stm32f10x_spi.o(i.SPI_StructInit), (24 bytes).
    Removing stm32f10x_spi.o(i.SPI_TransmitCRC), (10 bytes).
    Removing stm32f10x_tim.o(i.TIM_BDTRConfig), (32 bytes).
    Removing stm32f10x_tim.o(i.TIM_BDTRStructInit), (18 bytes).
    Removing stm32f10x_tim.o(i.TIM_CCPreloadControl), (24 bytes).
    Removing stm32f10x_tim.o(i.TIM_CCxCmd), (30 bytes).
    Removing stm32f10x_tim.o(i.TIM_CCxNCmd), (30 bytes).
    Removing stm32f10x_tim.o(i.TIM_ClearOC1Ref), (18 bytes).
    Removing stm32f10x_tim.o(i.TIM_ClearOC2Ref), (24 bytes).
    Removing stm32f10x_tim.o(i.TIM_ClearOC3Ref), (18 bytes).
    Removing stm32f10x_tim.o(i.TIM_ClearOC4Ref), (24 bytes).
    Removing stm32f10x_tim.o(i.TIM_CounterModeConfig), (18 bytes).
    Removing stm32f10x_tim.o(i.TIM_DMACmd), (18 bytes).
    Removing stm32f10x_tim.o(i.TIM_DMAConfig), (10 bytes).
    Removing stm32f10x_tim.o(i.TIM_DeInit), (488 bytes).
    Removing stm32f10x_tim.o(i.TIM_ETRClockMode1Config), (54 bytes).
    Removing stm32f10x_tim.o(i.TIM_ETRClockMode2Config), (32 bytes).
    Removing stm32f10x_tim.o(i.TIM_ETRConfig), (28 bytes).
    Removing stm32f10x_tim.o(i.TIM_ForcedOC1Config), (18 bytes).
    Removing stm32f10x_tim.o(i.TIM_ForcedOC2Config), (26 bytes).
    Removing stm32f10x_tim.o(i.TIM_ForcedOC3Config), (18 bytes).
    Removing stm32f10x_tim.o(i.TIM_ForcedOC4Config), (26 bytes).
    Removing stm32f10x_tim.o(i.TIM_GenerateEvent), (4 bytes).
    Removing stm32f10x_tim.o(i.TIM_GetCapture1), (6 bytes).
    Removing stm32f10x_tim.o(i.TIM_GetCapture2), (6 bytes).
    Removing stm32f10x_tim.o(i.TIM_GetCapture3), (6 bytes).
    Removing stm32f10x_tim.o(i.TIM_GetCapture4), (8 bytes).
    Removing stm32f10x_tim.o(i.TIM_GetCounter), (6 bytes).
    Removing stm32f10x_tim.o(i.TIM_GetFlagStatus), (18 bytes).
    Removing stm32f10x_tim.o(i.TIM_GetPrescaler), (6 bytes).
    Removing stm32f10x_tim.o(i.TIM_ITRxExternalClockConfig), (24 bytes).
    Removing stm32f10x_tim.o(i.TIM_InternalClockConfig), (12 bytes).
    Removing stm32f10x_tim.o(i.TIM_OC1FastConfig), (18 bytes).
    Removing stm32f10x_tim.o(i.TIM_OC1NPolarityConfig), (18 bytes).
    Removing stm32f10x_tim.o(i.TIM_OC1PolarityConfig), (18 bytes).
    Removing stm32f10x_tim.o(i.TIM_OC2FastConfig), (26 bytes).
    Removing stm32f10x_tim.o(i.TIM_OC2Init), (164 bytes).
    Removing stm32f10x_tim.o(i.TIM_OC2NPolarityConfig), (26 bytes).
    Removing stm32f10x_tim.o(i.TIM_OC2PolarityConfig), (26 bytes).
    Removing stm32f10x_tim.o(i.TIM_OC2PreloadConfig), (26 bytes).
    Removing stm32f10x_tim.o(i.TIM_OC3FastConfig), (18 bytes).
    Removing stm32f10x_tim.o(i.TIM_OC3Init), (160 bytes).
    Removing stm32f10x_tim.o(i.TIM_OC3NPolarityConfig), (26 bytes).
    Removing stm32f10x_tim.o(i.TIM_OC3PolarityConfig), (26 bytes).
    Removing stm32f10x_tim.o(i.TIM_OC3PreloadConfig), (18 bytes).
    Removing stm32f10x_tim.o(i.TIM_OC4FastConfig), (26 bytes).
    Removing stm32f10x_tim.o(i.TIM_OC4PolarityConfig), (26 bytes).
    Removing stm32f10x_tim.o(i.TIM_OCStructInit), (20 bytes).
    Removing stm32f10x_tim.o(i.TIM_PWMIConfig), (124 bytes).
    Removing stm32f10x_tim.o(i.TIM_PrescalerConfig), (6 bytes).
    Removing stm32f10x_tim.o(i.TIM_SelectCCDMA), (24 bytes).
    Removing stm32f10x_tim.o(i.TIM_SelectCOM), (24 bytes).
    Removing stm32f10x_tim.o(i.TIM_SelectHallSensor), (24 bytes).
    Removing stm32f10x_tim.o(i.TIM_SelectInputTrigger), (18 bytes).
    Removing stm32f10x_tim.o(i.TIM_SelectMasterSlaveMode), (18 bytes).
    Removing stm32f10x_tim.o(i.TIM_SelectOCxM), (82 bytes).
    Removing stm32f10x_tim.o(i.TIM_SelectOnePulseMode), (18 bytes).
    Removing stm32f10x_tim.o(i.TIM_SelectOutputTrigger), (18 bytes).
    Removing stm32f10x_tim.o(i.TIM_SelectSlaveMode), (18 bytes).
    Removing stm32f10x_tim.o(i.TIM_SetAutoreload), (4 bytes).
    Removing stm32f10x_tim.o(i.TIM_SetClockDivision), (18 bytes).
    Removing stm32f10x_tim.o(i.TIM_SetCompare1), (4 bytes).
    Removing stm32f10x_tim.o(i.TIM_SetCompare2), (4 bytes).
    Removing stm32f10x_tim.o(i.TIM_SetCompare3), (4 bytes).
    Removing stm32f10x_tim.o(i.TIM_SetCompare4), (6 bytes).
    Removing stm32f10x_tim.o(i.TIM_TIxExternalClockConfig), (62 bytes).
    Removing stm32f10x_tim.o(i.TIM_UpdateDisableConfig), (24 bytes).
    Removing stm32f10x_tim.o(i.TIM_UpdateRequestConfig), (24 bytes).
    Removing stm32f10x_usart.o(i.USART_ClearFlag), (18 bytes).
    Removing stm32f10x_usart.o(i.USART_ClockInit), (34 bytes).
    Removing stm32f10x_usart.o(i.USART_ClockStructInit), (12 bytes).
    Removing stm32f10x_usart.o(i.USART_DMACmd), (18 bytes).
    Removing stm32f10x_usart.o(i.USART_DeInit), (156 bytes).
    Removing stm32f10x_usart.o(i.USART_GetFlagStatus), (26 bytes).
    Removing stm32f10x_usart.o(i.USART_HalfDuplexCmd), (24 bytes).
    Removing stm32f10x_usart.o(i.USART_IrDACmd), (24 bytes).
    Removing stm32f10x_usart.o(i.USART_IrDAConfig), (18 bytes).
    Removing stm32f10x_usart.o(i.USART_LINBreakDetectLengthConfig), (18 bytes).
    Removing stm32f10x_usart.o(i.USART_LINCmd), (24 bytes).
    Removing stm32f10x_usart.o(i.USART_OneBitMethodCmd), (24 bytes).
    Removing stm32f10x_usart.o(i.USART_OverSampling8Cmd), (22 bytes).
    Removing stm32f10x_usart.o(i.USART_ReceiverWakeUpCmd), (24 bytes).
    Removing stm32f10x_usart.o(i.USART_SendBreak), (10 bytes).
    Removing stm32f10x_usart.o(i.USART_SendData), (8 bytes).
    Removing stm32f10x_usart.o(i.USART_SetAddress), (18 bytes).
    Removing stm32f10x_usart.o(i.USART_SetGuardTime), (16 bytes).
    Removing stm32f10x_usart.o(i.USART_SetPrescaler), (16 bytes).
    Removing stm32f10x_usart.o(i.USART_SmartCardCmd), (24 bytes).
    Removing stm32f10x_usart.o(i.USART_SmartCardNACKCmd), (24 bytes).
    Removing stm32f10x_usart.o(i.USART_StructInit), (24 bytes).
    Removing stm32f10x_usart.o(i.USART_WakeUpConfig), (18 bytes).
    Removing stm32f10x_wwdg.o(i.WWDG_ClearFlag), (12 bytes).
    Removing stm32f10x_wwdg.o(i.WWDG_DeInit), (22 bytes).
    Removing stm32f10x_wwdg.o(i.WWDG_Enable), (16 bytes).
    Removing stm32f10x_wwdg.o(i.WWDG_EnableIT), (12 bytes).
    Removing stm32f10x_wwdg.o(i.WWDG_GetFlagStatus), (12 bytes).
    Removing stm32f10x_wwdg.o(i.WWDG_SetCounter), (16 bytes).
    Removing stm32f10x_wwdg.o(i.WWDG_SetPrescaler), (24 bytes).
    Removing stm32f10x_wwdg.o(i.WWDG_SetWindowValue), (40 bytes).
    Removing core_cm3.o(.emb_text), (32 bytes).

469 unused section(s) (total 19489 bytes) removed from the image.

==============================================================================

Image Symbol Table

    Local Symbols

    Symbol Name                              Value     Ov Type        Size  Object(Section)

    ../clib/angel/boardlib.s                 0x00000000   Number         0  boardinit3.o ABSOLUTE
    ../clib/angel/boardlib.s                 0x00000000   Number         0  boardinit2.o ABSOLUTE
    ../clib/angel/boardlib.s                 0x00000000   Number         0  boardinit1.o ABSOLUTE
    ../clib/angel/boardlib.s                 0x00000000   Number         0  boardshut.o ABSOLUTE
    ../clib/angel/dczerorl2.s                0x00000000   Number         0  __dczerorl2.o ABSOLUTE
    ../clib/angel/handlers.s                 0x00000000   Number         0  __scatter_zi.o ABSOLUTE
    ../clib/angel/kernel.s                   0x00000000   Number         0  rtexit.o ABSOLUTE
    ../clib/angel/kernel.s                   0x00000000   Number         0  __rtentry.o ABSOLUTE
    ../clib/angel/kernel.s                   0x00000000   Number         0  rtexit2.o ABSOLUTE
    ../clib/angel/kernel.s                   0x00000000   Number         0  __rtentry4.o ABSOLUTE
    ../clib/angel/kernel.s                   0x00000000   Number         0  __rtentry2.o ABSOLUTE
    ../clib/angel/rt.s                       0x00000000   Number         0  rt_raise.o ABSOLUTE
    ../clib/angel/scatter.s                  0x00000000   Number         0  __scatter.o ABSOLUTE
    ../clib/angel/startup.s                  0x00000000   Number         0  __main.o ABSOLUTE
    ../clib/angel/sys.s                      0x00000000   Number         0  use_no_semi_2.o ABSOLUTE
    ../clib/angel/sys.s                      0x00000000   Number         0  use_no_semi.o ABSOLUTE
    ../clib/angel/sys.s                      0x00000000   Number         0  sys_stackheap_outer.o ABSOLUTE
    ../clib/angel/sys.s                      0x00000000   Number         0  libspace.o ABSOLUTE
    ../clib/angel/sys.s                      0x00000000   Number         0  indicate_semi.o ABSOLUTE
    ../clib/angel/sysapp.c                   0x00000000   Number         0  sys_command.o ABSOLUTE
    ../clib/angel/sysapp.c                   0x00000000   Number         0  sys_wrch.o ABSOLUTE
    ../clib/armsys.c                         0x00000000   Number         0  no_argv.o ABSOLUTE
    ../clib/armsys.c                         0x00000000   Number         0  argv_veneer.o ABSOLUTE
    ../clib/armsys.c                         0x00000000   Number         0  argv_veneer.o ABSOLUTE
    ../clib/armsys.c                         0x00000000   Number         0  _get_argv_nomalloc.o ABSOLUTE
    ../clib/heapalloc.c                      0x00000000   Number         0  hrguard.o ABSOLUTE
    ../clib/heapaux.c                        0x00000000   Number         0  heapauxi.o ABSOLUTE
    ../clib/libinit.s                        0x00000000   Number         0  libshutdown2.o ABSOLUTE
    ../clib/libinit.s                        0x00000000   Number         0  libshutdown.o ABSOLUTE
    ../clib/libinit.s                        0x00000000   Number         0  libinit2.o ABSOLUTE
    ../clib/libinit.s                        0x00000000   Number         0  libinit.o ABSOLUTE
    ../clib/signal.c                         0x00000000   Number         0  __raise.o ABSOLUTE
    ../clib/signal.c                         0x00000000   Number         0  defsig_rtmem_formal.o ABSOLUTE
    ../clib/signal.c                         0x00000000   Number         0  defsig_rtmem_outer.o ABSOLUTE
    ../clib/signal.c                         0x00000000   Number         0  defsig_general.o ABSOLUTE
    ../clib/signal.c                         0x00000000   Number         0  defsig_other.o ABSOLUTE
    ../clib/signal.c                         0x00000000   Number         0  defsig_segv_inner.o ABSOLUTE
    ../clib/signal.c                         0x00000000   Number         0  defsig_cppl_inner.o ABSOLUTE
    ../clib/signal.c                         0x00000000   Number         0  defsig_pvfn_inner.o ABSOLUTE
    ../clib/signal.c                         0x00000000   Number         0  defsig_stak_inner.o ABSOLUTE
    ../clib/signal.c                         0x00000000   Number         0  defsig_rtred_inner.o ABSOLUTE
    ../clib/signal.c                         0x00000000   Number         0  defsig_fpe_inner.o ABSOLUTE
    ../clib/signal.c                         0x00000000   Number         0  defsig_rtmem_inner.o ABSOLUTE
    ../clib/signal.c                         0x00000000   Number         0  defsig_exit.o ABSOLUTE
    ../clib/signal.c                         0x00000000   Number         0  defsig_abrt_inner.o ABSOLUTE
    ../clib/signal.s                         0x00000000   Number         0  defsig.o ABSOLUTE
    ../clib/stdlib.c                         0x00000000   Number         0  exit.o ABSOLUTE
    ../fplib/d2f.s                           0x00000000   Number         0  d2f.o ABSOLUTE
    ../fplib/daddsub.s                       0x00000000   Number         0  daddsub_clz.o ABSOLUTE
    ../fplib/dcmpi.s                         0x00000000   Number         0  dcmpi.o ABSOLUTE
    ../fplib/ddiv.s                          0x00000000   Number         0  ddiv.o ABSOLUTE
    ../fplib/dfix.s                          0x00000000   Number         0  dfix.o ABSOLUTE
    ../fplib/dfixu.s                         0x00000000   Number         0  dfixu.o ABSOLUTE
    ../fplib/dflt.s                          0x00000000   Number         0  dflt_clz.o ABSOLUTE
    ../fplib/dleqf.s                         0x00000000   Number         0  dleqf.o ABSOLUTE
    ../fplib/dmul.s                          0x00000000   Number         0  dmul.o ABSOLUTE
    ../fplib/dnaninf.s                       0x00000000   Number         0  dnaninf.o ABSOLUTE
    ../fplib/dretinf.s                       0x00000000   Number         0  dretinf.o ABSOLUTE
    ../fplib/f2d.s                           0x00000000   Number         0  f2d.o ABSOLUTE
    ../fplib/fnaninf.s                       0x00000000   Number         0  fnaninf.o ABSOLUTE
    ../fplib/fpinit.s                        0x00000000   Number         0  fpinit.o ABSOLUTE
    ../fplib/fretinf.s                       0x00000000   Number         0  fretinf.o ABSOLUTE
    ../fplib/usenofp.s                       0x00000000   Number         0  usenofp.o ABSOLUTE
    ..\CORE\core_cm3.c                       0x00000000   Number         0  core_cm3.o ABSOLUTE
    ..\CORE\startup_stm32f10x_md.s           0x00000000   Number         0  startup_stm32f10x_md.o ABSOLUTE
    ..\STM32F103FWLib\src\misc.c             0x00000000   Number         0  misc.o ABSOLUTE
    ..\STM32F103FWLib\src\stm32f10x_adc.c    0x00000000   Number         0  stm32f10x_adc.o ABSOLUTE
    ..\STM32F103FWLib\src\stm32f10x_bkp.c    0x00000000   Number         0  stm32f10x_bkp.o ABSOLUTE
    ..\STM32F103FWLib\src\stm32f10x_can.c    0x00000000   Number         0  stm32f10x_can.o ABSOLUTE
    ..\STM32F103FWLib\src\stm32f10x_cec.c    0x00000000   Number         0  stm32f10x_cec.o ABSOLUTE
    ..\STM32F103FWLib\src\stm32f10x_crc.c    0x00000000   Number         0  stm32f10x_crc.o ABSOLUTE
    ..\STM32F103FWLib\src\stm32f10x_dac.c    0x00000000   Number         0  stm32f10x_dac.o ABSOLUTE
    ..\STM32F103FWLib\src\stm32f10x_dbgmcu.c 0x00000000   Number         0  stm32f10x_dbgmcu.o ABSOLUTE
    ..\STM32F103FWLib\src\stm32f10x_dma.c    0x00000000   Number         0  stm32f10x_dma.o ABSOLUTE
    ..\STM32F103FWLib\src\stm32f10x_exti.c   0x00000000   Number         0  stm32f10x_exti.o ABSOLUTE
    ..\STM32F103FWLib\src\stm32f10x_flash.c  0x00000000   Number         0  stm32f10x_flash.o ABSOLUTE
    ..\STM32F103FWLib\src\stm32f10x_fsmc.c   0x00000000   Number         0  stm32f10x_fsmc.o ABSOLUTE
    ..\STM32F103FWLib\src\stm32f10x_gpio.c   0x00000000   Number         0  stm32f10x_gpio.o ABSOLUTE
    ..\STM32F103FWLib\src\stm32f10x_i2c.c    0x00000000   Number         0  stm32f10x_i2c.o ABSOLUTE
    ..\STM32F103FWLib\src\stm32f10x_iwdg.c   0x00000000   Number         0  stm32f10x_iwdg.o ABSOLUTE
    ..\STM32F103FWLib\src\stm32f10x_pwr.c    0x00000000   Number         0  stm32f10x_pwr.o ABSOLUTE
    ..\STM32F103FWLib\src\stm32f10x_rcc.c    0x00000000   Number         0  stm32f10x_rcc.o ABSOLUTE
    ..\STM32F103FWLib\src\stm32f10x_rtc.c    0x00000000   Number         0  stm32f10x_rtc.o ABSOLUTE
    ..\STM32F103FWLib\src\stm32f10x_sdio.c   0x00000000   Number         0  stm32f10x_sdio.o ABSOLUTE
    ..\STM32F103FWLib\src\stm32f10x_spi.c    0x00000000   Number         0  stm32f10x_spi.o ABSOLUTE
    ..\STM32F103FWLib\src\stm32f10x_tim.c    0x00000000   Number         0  stm32f10x_tim.o ABSOLUTE
    ..\STM32F103FWLib\src\stm32f10x_usart.c  0x00000000   Number         0  stm32f10x_usart.o ABSOLUTE
    ..\STM32F103FWLib\src\stm32f10x_wwdg.c   0x00000000   Number         0  stm32f10x_wwdg.o ABSOLUTE
    ..\SYSTEM\delay\delay.c                  0x00000000   Number         0  delay.o ABSOLUTE
    ..\SYSTEM\sys\sys.c                      0x00000000   Number         0  sys.o ABSOLUTE
    ..\SYSTEM\usart\usart.c                  0x00000000   Number         0  usart.o ABSOLUTE
    ..\User_file\Find_Track\find_track.c     0x00000000   Number         0  find_track.o ABSOLUTE
    ..\User_file\LED\LED.c                   0x00000000   Number         0  led.o ABSOLUTE
    ..\User_file\TIM_INIT\timme.c            0x00000000   Number         0  timme.o ABSOLUTE
    ..\User_file\USART2\USART2.c             0x00000000   Number         0  usart2.o ABSOLUTE
    ..\User_file\encoder_int\encoder.c       0x00000000   Number         0  encoder.o ABSOLUTE
    ..\User_file\key\key.c                   0x00000000   Number         0  key.o ABSOLUTE
    ..\User_file\magic\magec.c               0x00000000   Number         0  magec.o ABSOLUTE
    ..\User_file\motor\motor.c               0x00000000   Number         0  motor.o ABSOLUTE
    ..\User_file\oled\oled.c                 0x00000000   Number         0  oled.o ABSOLUTE
    ..\User_file\openmv_data\openmv_data.c   0x00000000   Number         0  openmv_data.o ABSOLUTE
    ..\\CORE\\core_cm3.c                     0x00000000   Number         0  core_cm3.o ABSOLUTE
    ..\\SYSTEM\\sys\\sys.c                   0x00000000   Number         0  sys.o ABSOLUTE
    dc.s                                     0x00000000   Number         0  dc.o ABSOLUTE
    main.c                                   0x00000000   Number         0  main.o ABSOLUTE
    stm32f10x_it.c                           0x00000000   Number         0  stm32f10x_it.o ABSOLUTE
    system_stm32f10x.c                       0x00000000   Number         0  system_stm32f10x.o ABSOLUTE
    RESET                                    0x08000000   Section      236  startup_stm32f10x_md.o(RESET)
    !!!main                                  0x080000ec   Section        8  __main.o(!!!main)
    !!!scatter                               0x080000f4   Section       52  __scatter.o(!!!scatter)
    !!dczerorl2                              0x08000128   Section       90  __dczerorl2.o(!!dczerorl2)
    !!handler_zi                             0x08000184   Section       28  __scatter_zi.o(!!handler_zi)
    .ARM.Collect$$libinit$$00000000          0x080001a0   Section        2  libinit.o(.ARM.Collect$$libinit$$00000000)
    .ARM.Collect$$libinit$$00000002          0x080001a2   Section        0  libinit2.o(.ARM.Collect$$libinit$$00000002)
    .ARM.Collect$$libinit$$00000004          0x080001a2   Section        0  libinit2.o(.ARM.Collect$$libinit$$00000004)
    .ARM.Collect$$libinit$$0000000A          0x080001a2   Section        0  libinit2.o(.ARM.Collect$$libinit$$0000000A)
    .ARM.Collect$$libinit$$0000000C          0x080001a2   Section        0  libinit2.o(.ARM.Collect$$libinit$$0000000C)
    .ARM.Collect$$libinit$$0000000E          0x080001a2   Section        0  libinit2.o(.ARM.Collect$$libinit$$0000000E)
    .ARM.Collect$$libinit$$00000011          0x080001a2   Section        0  libinit2.o(.ARM.Collect$$libinit$$00000011)
    .ARM.Collect$$libinit$$00000013          0x080001a2   Section        0  libinit2.o(.ARM.Collect$$libinit$$00000013)
    .ARM.Collect$$libinit$$00000015          0x080001a2   Section        0  libinit2.o(.ARM.Collect$$libinit$$00000015)
    .ARM.Collect$$libinit$$00000017          0x080001a2   Section        0  libinit2.o(.ARM.Collect$$libinit$$00000017)
    .ARM.Collect$$libinit$$00000019          0x080001a2   Section        0  libinit2.o(.ARM.Collect$$libinit$$00000019)
    .ARM.Collect$$libinit$$0000001B          0x080001a2   Section        0  libinit2.o(.ARM.Collect$$libinit$$0000001B)
    .ARM.Collect$$libinit$$0000001D          0x080001a2   Section        0  libinit2.o(.ARM.Collect$$libinit$$0000001D)
    .ARM.Collect$$libinit$$0000001F          0x080001a2   Section        0  libinit2.o(.ARM.Collect$$libinit$$0000001F)
    .ARM.Collect$$libinit$$00000021          0x080001a2   Section        0  libinit2.o(.ARM.Collect$$libinit$$00000021)
    .ARM.Collect$$libinit$$00000023          0x080001a2   Section        0  libinit2.o(.ARM.Collect$$libinit$$00000023)
    .ARM.Collect$$libinit$$00000025          0x080001a2   Section        0  libinit2.o(.ARM.Collect$$libinit$$00000025)
    .ARM.Collect$$libinit$$0000002C          0x080001a2   Section        0  libinit2.o(.ARM.Collect$$libinit$$0000002C)
    .ARM.Collect$$libinit$$0000002E          0x080001a2   Section        0  libinit2.o(.ARM.Collect$$libinit$$0000002E)
    .ARM.Collect$$libinit$$00000030          0x080001a2   Section        0  libinit2.o(.ARM.Collect$$libinit$$00000030)
    .ARM.Collect$$libinit$$00000032          0x080001a2   Section        0  libinit2.o(.ARM.Collect$$libinit$$00000032)
    .ARM.Collect$$libinit$$00000033          0x080001a2   Section        2  libinit2.o(.ARM.Collect$$libinit$$00000033)
    .ARM.Collect$$libshutdown$$00000000      0x080001a4   Section        2  libshutdown.o(.ARM.Collect$$libshutdown$$00000000)
    .ARM.Collect$$libshutdown$$00000003      0x080001a6   Section        0  libshutdown2.o(.ARM.Collect$$libshutdown$$00000003)
    .ARM.Collect$$libshutdown$$00000006      0x080001a6   Section        0  libshutdown2.o(.ARM.Collect$$libshutdown$$00000006)
    .ARM.Collect$$libshutdown$$00000009      0x080001a6   Section        0  libshutdown2.o(.ARM.Collect$$libshutdown$$00000009)
    .ARM.Collect$$libshutdown$$0000000B      0x080001a6   Section        0  libshutdown2.o(.ARM.Collect$$libshutdown$$0000000B)
    .ARM.Collect$$libshutdown$$0000000E      0x080001a6   Section        0  libshutdown2.o(.ARM.Collect$$libshutdown$$0000000E)
    .ARM.Collect$$libshutdown$$0000000F      0x080001a6   Section        2  libshutdown2.o(.ARM.Collect$$libshutdown$$0000000F)
    .ARM.Collect$$rtentry$$00000000          0x080001a8   Section        0  __rtentry.o(.ARM.Collect$$rtentry$$00000000)
    .ARM.Collect$$rtentry$$00000002          0x080001a8   Section        0  __rtentry2.o(.ARM.Collect$$rtentry$$00000002)
    .ARM.Collect$$rtentry$$00000004          0x080001a8   Section        6  __rtentry4.o(.ARM.Collect$$rtentry$$00000004)
    .ARM.Collect$$rtentry$$00000009          0x080001ae   Section        0  __rtentry2.o(.ARM.Collect$$rtentry$$00000009)
    .ARM.Collect$$rtentry$$0000000A          0x080001ae   Section        4  __rtentry2.o(.ARM.Collect$$rtentry$$0000000A)
    .ARM.Collect$$rtentry$$0000000C          0x080001b2   Section        0  __rtentry2.o(.ARM.Collect$$rtentry$$0000000C)
    .ARM.Collect$$rtentry$$0000000D          0x080001b2   Section        8  __rtentry2.o(.ARM.Collect$$rtentry$$0000000D)
    .ARM.Collect$$rtexit$$00000000           0x080001ba   Section        2  rtexit.o(.ARM.Collect$$rtexit$$00000000)
    .ARM.Collect$$rtexit$$00000002           0x080001bc   Section        0  rtexit2.o(.ARM.Collect$$rtexit$$00000002)
    .ARM.Collect$$rtexit$$00000003           0x080001bc   Section        4  rtexit2.o(.ARM.Collect$$rtexit$$00000003)
    .ARM.Collect$$rtexit$$00000004           0x080001c0   Section        6  rtexit2.o(.ARM.Collect$$rtexit$$00000004)
    .text                                    0x080001c8   Section       64  startup_stm32f10x_md.o(.text)
    .text                                    0x08000208   Section        2  use_no_semi_2.o(.text)
    .text                                    0x0800020a   Section        0  heapauxi.o(.text)
    .text                                    0x08000210   Section        2  use_no_semi.o(.text)
    .text                                    0x08000212   Section       74  sys_stackheap_outer.o(.text)
    .text                                    0x0800025c   Section        0  exit.o(.text)
    .text                                    0x08000268   Section        8  libspace.o(.text)
    i.Beep_Mental_Init                       0x08000270   Section        0  find_track.o(i.Beep_Mental_Init)
    i.BusFault_Handler                       0x080002b8   Section        0  stm32f10x_it.o(i.BusFault_Handler)
    i.Count_Distance                         0x080002bc   Section        0  find_track.o(i.Count_Distance)
    i.DebugMon_Handler                       0x08000318   Section        0  stm32f10x_it.o(i.DebugMon_Handler)
    i.Display_Code                           0x0800031c   Section        0  find_track.o(i.Display_Code)
    i.Display_Distance                       0x08000354   Section        0  find_track.o(i.Display_Distance)
    i.Display_Time                           0x0800039c   Section        0  find_track.o(i.Display_Time)
    i.Encoder_Init_TIM4                      0x08000428   Section        0  encoder.o(i.Encoder_Init_TIM4)
    i.Find_light_Init                        0x080004c4   Section        0  find_track.o(i.Find_light_Init)
    i.GPIOSet                                0x08000504   Section        0  magec.o(i.GPIOSet)
    i.GPIO_Init                              0x080006b4   Section        0  stm32f10x_gpio.o(i.GPIO_Init)
    i.GPIO_ReadInputDataBit                  0x080007ca   Section        0  stm32f10x_gpio.o(i.GPIO_ReadInputDataBit)
    i.GPIO_ResetBits                         0x080007dc   Section        0  stm32f10x_gpio.o(i.GPIO_ResetBits)
    i.GPIO_SetBits                           0x080007e0   Section        0  stm32f10x_gpio.o(i.GPIO_SetBits)
    i.Go_big_left                            0x080007e4   Section        0  find_track.o(i.Go_big_left)
    i.Go_big_right                           0x0800081c   Section        0  find_track.o(i.Go_big_right)
    i.Go_foward                              0x08000854   Section        0  find_track.o(i.Go_foward)
    i.Go_left                                0x08000890   Section        0  find_track.o(i.Go_left)
    i.Go_right                               0x080008c8   Section        0  find_track.o(i.Go_right)
    i.HardFault_Handler                      0x08000900   Section        0  stm32f10x_it.o(i.HardFault_Handler)
    i.LED_Init                               0x08000904   Section        0  led.o(i.LED_Init)
    i.MemManage_Handler                      0x0800092c   Section        0  stm32f10x_it.o(i.MemManage_Handler)
    i.Motor_Init                             0x08000930   Section        0  motor.o(i.Motor_Init)
    i.NMI_Handler                            0x08000984   Section        0  stm32f10x_it.o(i.NMI_Handler)
    i.NVIC_Init                              0x08000988   Section        0  misc.o(i.NVIC_Init)
    i.NVIC_PriorityGroupConfig               0x080009f8   Section        0  misc.o(i.NVIC_PriorityGroupConfig)
    i.OLED_Clear                             0x08000a0c   Section        0  oled.o(i.OLED_Clear)
    i.OLED_Float                             0x08000a4c   Section        0  oled.o(i.OLED_Float)
    i.OLED_IIC_Start                         0x08000bf0   Section        0  oled.o(i.OLED_IIC_Start)
    i.OLED_IIC_Stop                          0x08000c20   Section        0  oled.o(i.OLED_IIC_Stop)
    i.OLED_IIC_Wait_Ack                      0x08000c48   Section        0  oled.o(i.OLED_IIC_Wait_Ack)
    i.OLED_Init                              0x08000c64   Section        0  oled.o(i.OLED_Init)
    i.OLED_Num2                              0x08000d78   Section        0  oled.o(i.OLED_Num2)
    i.OLED_Num3                              0x08000e00   Section        0  oled.o(i.OLED_Num3)
    i.OLED_Num_write                         0x08000eb4   Section        0  oled.o(i.OLED_Num_write)
    i.OLED_Set_Pos                           0x08000ef8   Section        0  oled.o(i.OLED_Set_Pos)
    i.OLED_ShowCHinese                       0x08000f20   Section        0  oled.o(i.OLED_ShowCHinese)
    i.OLED_ShowChar                          0x08000f88   Section        0  oled.o(i.OLED_ShowChar)
    i.OLED_ShowString                        0x0800102c   Section        0  oled.o(i.OLED_ShowString)
    i.OLED_WR_Byte                           0x08001062   Section        0  oled.o(i.OLED_WR_Byte)
    i.OLED_Write_IIC_Byte                    0x0800107c   Section        0  oled.o(i.OLED_Write_IIC_Byte)
    i.OLED_Write_IIC_Command                 0x080010d8   Section        0  oled.o(i.OLED_Write_IIC_Command)
    i.OLED_Write_IIC_Data                    0x08001104   Section        0  oled.o(i.OLED_Write_IIC_Data)
    i.OPNMV_DataHandle                       0x08001130   Section        0  openmv_data.o(i.OPNMV_DataHandle)
    i.PendSV_Handler                         0x080011ec   Section        0  stm32f10x_it.o(i.PendSV_Handler)
    i.RCC_APB1PeriphClockCmd                 0x080011f0   Section        0  stm32f10x_rcc.o(i.RCC_APB1PeriphClockCmd)
    i.RCC_APB1PeriphResetCmd                 0x08001210   Section        0  stm32f10x_rcc.o(i.RCC_APB1PeriphResetCmd)
    i.RCC_APB2PeriphClockCmd                 0x08001230   Section        0  stm32f10x_rcc.o(i.RCC_APB2PeriphClockCmd)
    i.RCC_GetClocksFreq                      0x08001250   Section        0  stm32f10x_rcc.o(i.RCC_GetClocksFreq)
    i.Read_Encoder                           0x08001324   Section        0  encoder.o(i.Read_Encoder)
    i.Remind_light_beep                      0x08001374   Section        0  find_track.o(i.Remind_light_beep)
    i.SVC_Handler                            0x08001480   Section        0  stm32f10x_it.o(i.SVC_Handler)
    i.SetSysClock                            0x08001482   Section        0  system_stm32f10x.o(i.SetSysClock)
    SetSysClock                              0x08001483   Thumb Code     8  system_stm32f10x.o(i.SetSysClock)
    i.SetSysClockTo72                        0x0800148c   Section        0  system_stm32f10x.o(i.SetSysClockTo72)
    SetSysClockTo72                          0x0800148d   Thumb Code   214  system_stm32f10x.o(i.SetSysClockTo72)
    i.SysTick_CLKSourceConfig                0x0800156c   Section        0  misc.o(i.SysTick_CLKSourceConfig)
    i.SysTick_Handler                        0x08001594   Section        0  stm32f10x_it.o(i.SysTick_Handler)
    i.SystemInit                             0x08001598   Section        0  system_stm32f10x.o(i.SystemInit)
    i.TI1_Config                             0x080015f8   Section        0  stm32f10x_tim.o(i.TI1_Config)
    TI1_Config                               0x080015f9   Thumb Code   108  stm32f10x_tim.o(i.TI1_Config)
    i.TI2_Config                             0x08001678   Section        0  stm32f10x_tim.o(i.TI2_Config)
    TI2_Config                               0x08001679   Thumb Code   130  stm32f10x_tim.o(i.TI2_Config)
    i.TI3_Config                             0x08001710   Section        0  stm32f10x_tim.o(i.TI3_Config)
    TI3_Config                               0x08001711   Thumb Code   122  stm32f10x_tim.o(i.TI3_Config)
    i.TI4_Config                             0x080017a0   Section        0  stm32f10x_tim.o(i.TI4_Config)
    TI4_Config                               0x080017a1   Thumb Code   130  stm32f10x_tim.o(i.TI4_Config)
    i.TIM1_PWM_Init                          0x08001838   Section        0  motor.o(i.TIM1_PWM_Init)
    i.TIM2_IRQHandler                        0x080018e0   Section        0  timme.o(i.TIM2_IRQHandler)
    i.TIM4_IRQHandler                        0x0800195c   Section        0  encoder.o(i.TIM4_IRQHandler)
    i.TIM_ARRPreloadConfig                   0x08001974   Section        0  stm32f10x_tim.o(i.TIM_ARRPreloadConfig)
    i.TIM_ClearFlag                          0x0800198c   Section        0  stm32f10x_tim.o(i.TIM_ClearFlag)
    i.TIM_ClearITPendingBit                  0x08001992   Section        0  stm32f10x_tim.o(i.TIM_ClearITPendingBit)
    i.TIM_Cmd                                0x08001998   Section        0  stm32f10x_tim.o(i.TIM_Cmd)
    i.TIM_CtrlPWMOutputs                     0x080019b0   Section        0  stm32f10x_tim.o(i.TIM_CtrlPWMOutputs)
    i.TIM_EncoderInterfaceConfig             0x080019ce   Section        0  stm32f10x_tim.o(i.TIM_EncoderInterfaceConfig)
    i.TIM_GetITStatus                        0x08001a10   Section        0  stm32f10x_tim.o(i.TIM_GetITStatus)
    i.TIM_ICInit                             0x08001a34   Section        0  stm32f10x_tim.o(i.TIM_ICInit)
    i.TIM_ICStructInit                       0x08001ae0   Section        0  stm32f10x_tim.o(i.TIM_ICStructInit)
    i.TIM_ITConfig                           0x08001af2   Section        0  stm32f10x_tim.o(i.TIM_ITConfig)
    i.TIM_OC1Init                            0x08001b04   Section        0  stm32f10x_tim.o(i.TIM_OC1Init)
    i.TIM_OC1PreloadConfig                   0x08001b9c   Section        0  stm32f10x_tim.o(i.TIM_OC1PreloadConfig)
    i.TIM_OC4Init                            0x08001bb0   Section        0  stm32f10x_tim.o(i.TIM_OC4Init)
    i.TIM_OC4PreloadConfig                   0x08001c2c   Section        0  stm32f10x_tim.o(i.TIM_OC4PreloadConfig)
    i.TIM_SetCounter                         0x08001c46   Section        0  stm32f10x_tim.o(i.TIM_SetCounter)
    i.TIM_SetIC1Prescaler                    0x08001c4a   Section        0  stm32f10x_tim.o(i.TIM_SetIC1Prescaler)
    i.TIM_SetIC2Prescaler                    0x08001c5c   Section        0  stm32f10x_tim.o(i.TIM_SetIC2Prescaler)
    i.TIM_SetIC3Prescaler                    0x08001c76   Section        0  stm32f10x_tim.o(i.TIM_SetIC3Prescaler)
    i.TIM_SetIC4Prescaler                    0x08001c88   Section        0  stm32f10x_tim.o(i.TIM_SetIC4Prescaler)
    i.TIM_TimeBaseInit                       0x08001ca4   Section        0  stm32f10x_tim.o(i.TIM_TimeBaseInit)
    i.TIM_TimeBaseStructInit                 0x08001d48   Section        0  stm32f10x_tim.o(i.TIM_TimeBaseStructInit)
    i.Timer2_Init                            0x08001d5a   Section        0  timme.o(i.Timer2_Init)
    i.Turn_off                               0x08001db8   Section        0  find_track.o(i.Turn_off)
    i.USART1_IRQHandler                      0x08001ddc   Section        0  usart.o(i.USART1_IRQHandler)
    i.USART2_IRQHandler                      0x08001e64   Section        0  usart2.o(i.USART2_IRQHandler)
    i.USART_ClearITPendingBit                0x08001ea4   Section        0  stm32f10x_usart.o(i.USART_ClearITPendingBit)
    i.USART_Cmd                              0x08001ec2   Section        0  stm32f10x_usart.o(i.USART_Cmd)
    i.USART_GetITStatus                      0x08001eda   Section        0  stm32f10x_usart.o(i.USART_GetITStatus)
    i.USART_ITConfig                         0x08001f2e   Section        0  stm32f10x_usart.o(i.USART_ITConfig)
    i.USART_Init                             0x08001f78   Section        0  stm32f10x_usart.o(i.USART_Init)
    i.USART_ReceiveData                      0x08002050   Section        0  stm32f10x_usart.o(i.USART_ReceiveData)
    i.UsageFault_Handler                     0x0800205a   Section        0  stm32f10x_it.o(i.UsageFault_Handler)
    i._sys_exit                              0x0800205e   Section        0  usart.o(i._sys_exit)
    i.delay_init                             0x08002064   Section        0  delay.o(i.delay_init)
    i.delay_ms                               0x080020a8   Section        0  delay.o(i.delay_ms)
    i.display                                0x080020f4   Section        0  find_track.o(i.display)
    i.find_Init                              0x08002114   Section        0  find_track.o(i.find_Init)
    i.find_control                           0x08002138   Section        0  find_track.o(i.find_control)
    i.main                                   0x08002308   Section        0  main.o(i.main)
    i.uart2_init                             0x0800242c   Section        0  usart2.o(i.uart2_init)
    x$fpl$d2f                                0x080024dc   Section       98  d2f.o(x$fpl$d2f)
    x$fpl$dadd                               0x08002540   Section      336  daddsub_clz.o(x$fpl$dadd)
    _dadd1                                   0x08002551   Thumb Code     0  daddsub_clz.o(x$fpl$dadd)
    x$fpl$dcmpinf                            0x08002690   Section       24  dcmpi.o(x$fpl$dcmpinf)
    x$fpl$ddiv                               0x080026a8   Section      688  ddiv.o(x$fpl$ddiv)
    ddiv_entry                               0x080026af   Thumb Code     0  ddiv.o(x$fpl$ddiv)
    x$fpl$dfix                               0x08002958   Section       94  dfix.o(x$fpl$dfix)
    x$fpl$dfixu                              0x080029b8   Section       90  dfixu.o(x$fpl$dfixu)
    x$fpl$dflt                               0x08002a12   Section       46  dflt_clz.o(x$fpl$dflt)
    x$fpl$dfltu                              0x08002a40   Section       38  dflt_clz.o(x$fpl$dfltu)
    x$fpl$dleqf                              0x08002a68   Section      120  dleqf.o(x$fpl$dleqf)
    x$fpl$dmul                               0x08002ae0   Section      340  dmul.o(x$fpl$dmul)
    x$fpl$dnaninf                            0x08002c34   Section      156  dnaninf.o(x$fpl$dnaninf)
    x$fpl$dretinf                            0x08002cd0   Section       12  dretinf.o(x$fpl$dretinf)
    x$fpl$drsb                               0x08002cdc   Section       22  daddsub_clz.o(x$fpl$drsb)
    x$fpl$dsub                               0x08002cf4   Section      468  daddsub_clz.o(x$fpl$dsub)
    _dsub1                                   0x08002d05   Thumb Code     0  daddsub_clz.o(x$fpl$dsub)
    x$fpl$f2d                                0x08002ec8   Section       86  f2d.o(x$fpl$f2d)
    x$fpl$fnaninf                            0x08002f1e   Section      140  fnaninf.o(x$fpl$fnaninf)
    x$fpl$fretinf                            0x08002faa   Section       10  fretinf.o(x$fpl$fretinf)
    .constdata                               0x08002fb4   Section     2072  oled.o(.constdata)
    x$fpl$usenofp                            0x08002fb4   Section        0  usenofp.o(x$fpl$usenofp)
    .data                                    0x20000000   Section       20  system_stm32f10x.o(.data)
    .data                                    0x20000014   Section       23  openmv_data.o(.data)
    ucRxCnt                                  0x2000002a   Data           1  openmv_data.o(.data)
    .data                                    0x2000002c   Section        4  find_track.o(.data)
    i                                        0x2000002c   Data           4  find_track.o(.data)
    .data                                    0x20000030   Section     1152  oled.o(.data)
    .data                                    0x200004b0   Section        4  delay.o(.data)
    fac_us                                   0x200004b0   Data           1  delay.o(.data)
    fac_ms                                   0x200004b2   Data           2  delay.o(.data)
    .data                                    0x200004b4   Section        6  usart.o(.data)
    .data                                    0x200004ba   Section       20  stm32f10x_rcc.o(.data)
    APBAHBPrescTable                         0x200004ba   Data          16  stm32f10x_rcc.o(.data)
    ADCPrescTable                            0x200004ca   Data           4  stm32f10x_rcc.o(.data)
    .bss                                     0x200004d0   Section       20  find_track.o(.bss)
    .bss                                     0x200004e4   Section      200  usart.o(.bss)
    .bss                                     0x200005ac   Section       96  libspace.o(.bss)
    HEAP                                     0x20000610   Section      512  startup_stm32f10x_md.o(HEAP)
    Heap_Mem                                 0x20000610   Data         512  startup_stm32f10x_md.o(HEAP)
    STACK                                    0x20000810   Section     1024  startup_stm32f10x_md.o(STACK)
    Stack_Mem                                0x20000810   Data        1024  startup_stm32f10x_md.o(STACK)
    __initial_sp                             0x20000c10   Data           0  startup_stm32f10x_md.o(STACK)

    Global Symbols

    Symbol Name                              Value     Ov Type        Size  Object(Section)

    BuildAttributes$$THM_ISAv4$P$D$K$B$S$PE$A:L22UL41UL21$X:L11$S22US41US21$IEEE1$IW$USESV6$~STKCKD$USESV7$~SHL$OSPACE$ROPI$EBA8$UX$STANDARDLIB$REQ8$PRES8$EABIv2 0x00000000   Number         0  anon$$obj.o ABSOLUTE
    __ARM_use_no_argv                        0x00000000   Number         0  main.o ABSOLUTE
    __ARM_exceptions_init                     - Undefined Weak Reference
    __alloca_initialize                       - Undefined Weak Reference
    __arm_preinit_                            - Undefined Weak Reference
    __cpp_initialize__aeabi_                  - Undefined Weak Reference
    __cxa_finalize                            - Undefined Weak Reference
    __rt_locale                               - Undefined Weak Reference
    __sigvec_lookup                           - Undefined Weak Reference
    _atexit_init                              - Undefined Weak Reference
    _call_atexit_fns                          - Undefined Weak Reference
    _clock_init                               - Undefined Weak Reference
    _fp_trap_init                             - Undefined Weak Reference
    _fp_trap_shutdown                         - Undefined Weak Reference
    _get_lc_collate                           - Undefined Weak Reference
    _get_lc_ctype                             - Undefined Weak Reference
    _get_lc_monetary                          - Undefined Weak Reference
    _get_lc_numeric                           - Undefined Weak Reference
    _get_lc_time                              - Undefined Weak Reference
    _getenv_init                              - Undefined Weak Reference
    _handle_redirection                       - Undefined Weak Reference
    _init_alloc                               - Undefined Weak Reference
    _init_user_alloc                          - Undefined Weak Reference
    _initio                                   - Undefined Weak Reference
    _rand_init                                - Undefined Weak Reference
    _signal_finish                            - Undefined Weak Reference
    _signal_init                              - Undefined Weak Reference
    _terminate_alloc                          - Undefined Weak Reference
    _terminate_user_alloc                     - Undefined Weak Reference
    _terminateio                              - Undefined Weak Reference
    __Vectors_Size                           0x000000ec   Number         0  startup_stm32f10x_md.o ABSOLUTE
    __Vectors                                0x08000000   Data           4  startup_stm32f10x_md.o(RESET)
    __Vectors_End                            0x080000ec   Data           0  startup_stm32f10x_md.o(RESET)
    __main                                   0x080000ed   Thumb Code     8  __main.o(!!!main)
    __scatterload                            0x080000f5   Thumb Code     0  __scatter.o(!!!scatter)
    __scatterload_rt2                        0x080000f5   Thumb Code    44  __scatter.o(!!!scatter)
    __scatterload_rt2_thumb_only             0x080000f5   Thumb Code     0  __scatter.o(!!!scatter)
    __scatterload_null                       0x08000103   Thumb Code     0  __scatter.o(!!!scatter)
    __decompress                             0x08000129   Thumb Code    90  __dczerorl2.o(!!dczerorl2)
    __decompress1                            0x08000129   Thumb Code     0  __dczerorl2.o(!!dczerorl2)
    __scatterload_zeroinit                   0x08000185   Thumb Code    28  __scatter_zi.o(!!handler_zi)
    __rt_lib_init                            0x080001a1   Thumb Code     0  libinit.o(.ARM.Collect$$libinit$$00000000)
    __rt_lib_init_alloca_1                   0x080001a3   Thumb Code     0  libinit2.o(.ARM.Collect$$libinit$$0000002E)
    __rt_lib_init_argv_1                     0x080001a3   Thumb Code     0  libinit2.o(.ARM.Collect$$libinit$$0000002C)
    __rt_lib_init_atexit_1                   0x080001a3   Thumb Code     0  libinit2.o(.ARM.Collect$$libinit$$0000001B)
    __rt_lib_init_clock_1                    0x080001a3   Thumb Code     0  libinit2.o(.ARM.Collect$$libinit$$00000021)
    __rt_lib_init_cpp_1                      0x080001a3   Thumb Code     0  libinit2.o(.ARM.Collect$$libinit$$00000032)
    __rt_lib_init_exceptions_1               0x080001a3   Thumb Code     0  libinit2.o(.ARM.Collect$$libinit$$00000030)
    __rt_lib_init_fp_1                       0x080001a3   Thumb Code     0  libinit2.o(.ARM.Collect$$libinit$$00000002)
    __rt_lib_init_fp_trap_1                  0x080001a3   Thumb Code     0  libinit2.o(.ARM.Collect$$libinit$$0000001F)
    __rt_lib_init_getenv_1                   0x080001a3   Thumb Code     0  libinit2.o(.ARM.Collect$$libinit$$00000023)
    __rt_lib_init_heap_1                     0x080001a3   Thumb Code     0  libinit2.o(.ARM.Collect$$libinit$$0000000A)
    __rt_lib_init_lc_collate_1               0x080001a3   Thumb Code     0  libinit2.o(.ARM.Collect$$libinit$$00000011)
    __rt_lib_init_lc_ctype_1                 0x080001a3   Thumb Code     0  libinit2.o(.ARM.Collect$$libinit$$00000013)
    __rt_lib_init_lc_monetary_1              0x080001a3   Thumb Code     0  libinit2.o(.ARM.Collect$$libinit$$00000015)
    __rt_lib_init_lc_numeric_1               0x080001a3   Thumb Code     0  libinit2.o(.ARM.Collect$$libinit$$00000017)
    __rt_lib_init_lc_time_1                  0x080001a3   Thumb Code     0  libinit2.o(.ARM.Collect$$libinit$$00000019)
    __rt_lib_init_preinit_1                  0x080001a3   Thumb Code     0  libinit2.o(.ARM.Collect$$libinit$$00000004)
    __rt_lib_init_rand_1                     0x080001a3   Thumb Code     0  libinit2.o(.ARM.Collect$$libinit$$0000000E)
    __rt_lib_init_return                     0x080001a3   Thumb Code     0  libinit2.o(.ARM.Collect$$libinit$$00000033)
    __rt_lib_init_signal_1                   0x080001a3   Thumb Code     0  libinit2.o(.ARM.Collect$$libinit$$0000001D)
    __rt_lib_init_stdio_1                    0x080001a3   Thumb Code     0  libinit2.o(.ARM.Collect$$libinit$$00000025)
    __rt_lib_init_user_alloc_1               0x080001a3   Thumb Code     0  libinit2.o(.ARM.Collect$$libinit$$0000000C)
    __rt_lib_shutdown                        0x080001a5   Thumb Code     0  libshutdown.o(.ARM.Collect$$libshutdown$$00000000)
    __rt_lib_shutdown_fp_trap_1              0x080001a7   Thumb Code     0  libshutdown2.o(.ARM.Collect$$libshutdown$$00000006)
    __rt_lib_shutdown_heap_1                 0x080001a7   Thumb Code     0  libshutdown2.o(.ARM.Collect$$libshutdown$$0000000E)
    __rt_lib_shutdown_return                 0x080001a7   Thumb Code     0  libshutdown2.o(.ARM.Collect$$libshutdown$$0000000F)
    __rt_lib_shutdown_signal_1               0x080001a7   Thumb Code     0  libshutdown2.o(.ARM.Collect$$libshutdown$$00000009)
    __rt_lib_shutdown_stdio_1                0x080001a7   Thumb Code     0  libshutdown2.o(.ARM.Collect$$libshutdown$$00000003)
    __rt_lib_shutdown_user_alloc_1           0x080001a7   Thumb Code     0  libshutdown2.o(.ARM.Collect$$libshutdown$$0000000B)
    __rt_entry                               0x080001a9   Thumb Code     0  __rtentry.o(.ARM.Collect$$rtentry$$00000000)
    __rt_entry_presh_1                       0x080001a9   Thumb Code     0  __rtentry2.o(.ARM.Collect$$rtentry$$00000002)
    __rt_entry_sh                            0x080001a9   Thumb Code     0  __rtentry4.o(.ARM.Collect$$rtentry$$00000004)
    __rt_entry_li                            0x080001af   Thumb Code     0  __rtentry2.o(.ARM.Collect$$rtentry$$0000000A)
    __rt_entry_postsh_1                      0x080001af   Thumb Code     0  __rtentry2.o(.ARM.Collect$$rtentry$$00000009)
    __rt_entry_main                          0x080001b3   Thumb Code     0  __rtentry2.o(.ARM.Collect$$rtentry$$0000000D)
    __rt_entry_postli_1                      0x080001b3   Thumb Code     0  __rtentry2.o(.ARM.Collect$$rtentry$$0000000C)
    __rt_exit                                0x080001bb   Thumb Code     0  rtexit.o(.ARM.Collect$$rtexit$$00000000)
    __rt_exit_ls                             0x080001bd   Thumb Code     0  rtexit2.o(.ARM.Collect$$rtexit$$00000003)
    __rt_exit_prels_1                        0x080001bd   Thumb Code     0  rtexit2.o(.ARM.Collect$$rtexit$$00000002)
    __rt_exit_exit                           0x080001c1   Thumb Code     0  rtexit2.o(.ARM.Collect$$rtexit$$00000004)
    Reset_Handler                            0x080001c9   Thumb Code     8  startup_stm32f10x_md.o(.text)
    ADC1_2_IRQHandler                        0x080001e3   Thumb Code     0  startup_stm32f10x_md.o(.text)
    CAN1_RX1_IRQHandler                      0x080001e3   Thumb Code     0  startup_stm32f10x_md.o(.text)
    CAN1_SCE_IRQHandler                      0x080001e3   Thumb Code     0  startup_stm32f10x_md.o(.text)
    DMA1_Channel1_IRQHandler                 0x080001e3   Thumb Code     0  startup_stm32f10x_md.o(.text)
    DMA1_Channel2_IRQHandler                 0x080001e3   Thumb Code     0  startup_stm32f10x_md.o(.text)
    DMA1_Channel3_IRQHandler                 0x080001e3   Thumb Code     0  startup_stm32f10x_md.o(.text)
    DMA1_Channel4_IRQHandler                 0x080001e3   Thumb Code     0  startup_stm32f10x_md.o(.text)
    DMA1_Channel5_IRQHandler                 0x080001e3   Thumb Code     0  startup_stm32f10x_md.o(.text)
    DMA1_Channel6_IRQHandler                 0x080001e3   Thumb Code     0  startup_stm32f10x_md.o(.text)
    DMA1_Channel7_IRQHandler                 0x080001e3   Thumb Code     0  startup_stm32f10x_md.o(.text)
    EXTI0_IRQHandler                         0x080001e3   Thumb Code     0  startup_stm32f10x_md.o(.text)
    EXTI15_10_IRQHandler                     0x080001e3   Thumb Code     0  startup_stm32f10x_md.o(.text)
    EXTI1_IRQHandler                         0x080001e3   Thumb Code     0  startup_stm32f10x_md.o(.text)
    EXTI2_IRQHandler                         0x080001e3   Thumb Code     0  startup_stm32f10x_md.o(.text)
    EXTI3_IRQHandler                         0x080001e3   Thumb Code     0  startup_stm32f10x_md.o(.text)
    EXTI4_IRQHandler                         0x080001e3   Thumb Code     0  startup_stm32f10x_md.o(.text)
    EXTI9_5_IRQHandler                       0x080001e3   Thumb Code     0  startup_stm32f10x_md.o(.text)
    FLASH_IRQHandler                         0x080001e3   Thumb Code     0  startup_stm32f10x_md.o(.text)
    I2C1_ER_IRQHandler                       0x080001e3   Thumb Code     0  startup_stm32f10x_md.o(.text)
    I2C1_EV_IRQHandler                       0x080001e3   Thumb Code     0  startup_stm32f10x_md.o(.text)
    I2C2_ER_IRQHandler                       0x080001e3   Thumb Code     0  startup_stm32f10x_md.o(.text)
    I2C2_EV_IRQHandler                       0x080001e3   Thumb Code     0  startup_stm32f10x_md.o(.text)
    PVD_IRQHandler                           0x080001e3   Thumb Code     0  startup_stm32f10x_md.o(.text)
    RCC_IRQHandler                           0x080001e3   Thumb Code     0  startup_stm32f10x_md.o(.text)
    RTCAlarm_IRQHandler                      0x080001e3   Thumb Code     0  startup_stm32f10x_md.o(.text)
    RTC_IRQHandler                           0x080001e3   Thumb Code     0  startup_stm32f10x_md.o(.text)
    SPI1_IRQHandler                          0x080001e3   Thumb Code     0  startup_stm32f10x_md.o(.text)
    SPI2_IRQHandler                          0x080001e3   Thumb Code     0  startup_stm32f10x_md.o(.text)
    TAMPER_IRQHandler                        0x080001e3   Thumb Code     0  startup_stm32f10x_md.o(.text)
    TIM1_BRK_IRQHandler                      0x080001e3   Thumb Code     0  startup_stm32f10x_md.o(.text)
    TIM1_CC_IRQHandler                       0x080001e3   Thumb Code     0  startup_stm32f10x_md.o(.text)
    TIM1_TRG_COM_IRQHandler                  0x080001e3   Thumb Code     0  startup_stm32f10x_md.o(.text)
    TIM1_UP_IRQHandler                       0x080001e3   Thumb Code     0  startup_stm32f10x_md.o(.text)
    TIM3_IRQHandler                          0x080001e3   Thumb Code     0  startup_stm32f10x_md.o(.text)
    USART3_IRQHandler                        0x080001e3   Thumb Code     0  startup_stm32f10x_md.o(.text)
    USBWakeUp_IRQHandler                     0x080001e3   Thumb Code     0  startup_stm32f10x_md.o(.text)
    USB_HP_CAN1_TX_IRQHandler                0x080001e3   Thumb Code     0  startup_stm32f10x_md.o(.text)
    USB_LP_CAN1_RX0_IRQHandler               0x080001e3   Thumb Code     0  startup_stm32f10x_md.o(.text)
    WWDG_IRQHandler                          0x080001e3   Thumb Code     0  startup_stm32f10x_md.o(.text)
    __user_initial_stackheap                 0x080001e5   Thumb Code     0  startup_stm32f10x_md.o(.text)
    __use_no_semihosting                     0x08000209   Thumb Code     2  use_no_semi_2.o(.text)
    __use_two_region_memory                  0x0800020b   Thumb Code     2  heapauxi.o(.text)
    __rt_heap_escrow$2region                 0x0800020d   Thumb Code     2  heapauxi.o(.text)
    __rt_heap_expand$2region                 0x0800020f   Thumb Code     2  heapauxi.o(.text)
    __I$use$semihosting                      0x08000211   Thumb Code     0  use_no_semi.o(.text)
    __use_no_semihosting_swi                 0x08000211   Thumb Code     2  use_no_semi.o(.text)
    __user_setup_stackheap                   0x08000213   Thumb Code    74  sys_stackheap_outer.o(.text)
    exit                                     0x0800025d   Thumb Code    12  exit.o(.text)
    __user_libspace                          0x08000269   Thumb Code     8  libspace.o(.text)
    __user_perproc_libspace                  0x08000269   Thumb Code     0  libspace.o(.text)
    __user_perthread_libspace                0x08000269   Thumb Code     0  libspace.o(.text)
    Beep_Mental_Init                         0x08000271   Thumb Code    68  find_track.o(i.Beep_Mental_Init)
    BusFault_Handler                         0x080002b9   Thumb Code     4  stm32f10x_it.o(i.BusFault_Handler)
    Count_Distance                           0x080002bd   Thumb Code    74  find_track.o(i.Count_Distance)
    DebugMon_Handler                         0x08000319   Thumb Code     2  stm32f10x_it.o(i.DebugMon_Handler)
    Display_Code                             0x0800031d   Thumb Code    42  find_track.o(i.Display_Code)
    Display_Distance                         0x08000355   Thumb Code    54  find_track.o(i.Display_Distance)
    Display_Time                             0x0800039d   Thumb Code   124  find_track.o(i.Display_Time)
    Encoder_Init_TIM4                        0x08000429   Thumb Code   148  encoder.o(i.Encoder_Init_TIM4)
    Find_light_Init                          0x080004c5   Thumb Code    56  find_track.o(i.Find_light_Init)
    GPIOSet                                  0x08000505   Thumb Code   408  magec.o(i.GPIOSet)
    GPIO_Init                                0x080006b5   Thumb Code   278  stm32f10x_gpio.o(i.GPIO_Init)
    GPIO_ReadInputDataBit                    0x080007cb   Thumb Code    18  stm32f10x_gpio.o(i.GPIO_ReadInputDataBit)
    GPIO_ResetBits                           0x080007dd   Thumb Code     4  stm32f10x_gpio.o(i.GPIO_ResetBits)
    GPIO_SetBits                             0x080007e1   Thumb Code     4  stm32f10x_gpio.o(i.GPIO_SetBits)
    Go_big_left                              0x080007e5   Thumb Code    44  find_track.o(i.Go_big_left)
    Go_big_right                             0x0800081d   Thumb Code    44  find_track.o(i.Go_big_right)
    Go_foward                                0x08000855   Thumb Code    46  find_track.o(i.Go_foward)
    Go_left                                  0x08000891   Thumb Code    44  find_track.o(i.Go_left)
    Go_right                                 0x080008c9   Thumb Code    44  find_track.o(i.Go_right)
    HardFault_Handler                        0x08000901   Thumb Code     4  stm32f10x_it.o(i.HardFault_Handler)
    LED_Init                                 0x08000905   Thumb Code    36  led.o(i.LED_Init)
    MemManage_Handler                        0x0800092d   Thumb Code     4  stm32f10x_it.o(i.MemManage_Handler)
    Motor_Init                               0x08000931   Thumb Code    70  motor.o(i.Motor_Init)
    NMI_Handler                              0x08000985   Thumb Code     2  stm32f10x_it.o(i.NMI_Handler)
    NVIC_Init                                0x08000989   Thumb Code   100  misc.o(i.NVIC_Init)
    NVIC_PriorityGroupConfig                 0x080009f9   Thumb Code    10  misc.o(i.NVIC_PriorityGroupConfig)
    OLED_Clear                               0x08000a0d   Thumb Code    62  oled.o(i.OLED_Clear)
    OLED_Float                               0x08000a4d   Thumb Code   416  oled.o(i.OLED_Float)
    OLED_IIC_Start                           0x08000bf1   Thumb Code    44  oled.o(i.OLED_IIC_Start)
    OLED_IIC_Stop                            0x08000c21   Thumb Code    34  oled.o(i.OLED_IIC_Stop)
    OLED_IIC_Wait_Ack                        0x08000c49   Thumb Code    24  oled.o(i.OLED_IIC_Wait_Ack)
    OLED_Init                                0x08000c65   Thumb Code   272  oled.o(i.OLED_Init)
    OLED_Num2                                0x08000d79   Thumb Code   136  oled.o(i.OLED_Num2)
    OLED_Num3                                0x08000e01   Thumb Code   180  oled.o(i.OLED_Num3)
    OLED_Num_write                           0x08000eb5   Thumb Code    62  oled.o(i.OLED_Num_write)
    OLED_Set_Pos                             0x08000ef9   Thumb Code    40  oled.o(i.OLED_Set_Pos)
    OLED_ShowCHinese                         0x08000f21   Thumb Code    98  oled.o(i.OLED_ShowCHinese)
    OLED_ShowChar                            0x08000f89   Thumb Code   154  oled.o(i.OLED_ShowChar)
    OLED_ShowString                          0x0800102d   Thumb Code    54  oled.o(i.OLED_ShowString)
    OLED_WR_Byte                             0x08001063   Thumb Code    24  oled.o(i.OLED_WR_Byte)
    OLED_Write_IIC_Byte                      0x0800107d   Thumb Code    88  oled.o(i.OLED_Write_IIC_Byte)
    OLED_Write_IIC_Command                   0x080010d9   Thumb Code    44  oled.o(i.OLED_Write_IIC_Command)
    OLED_Write_IIC_Data                      0x08001105   Thumb Code    44  oled.o(i.OLED_Write_IIC_Data)
    OPNMV_DataHandle                         0x08001131   Thumb Code   170  openmv_data.o(i.OPNMV_DataHandle)
    PendSV_Handler                           0x080011ed   Thumb Code     2  stm32f10x_it.o(i.PendSV_Handler)
    RCC_APB1PeriphClockCmd                   0x080011f1   Thumb Code    26  stm32f10x_rcc.o(i.RCC_APB1PeriphClockCmd)
    RCC_APB1PeriphResetCmd                   0x08001211   Thumb Code    26  stm32f10x_rcc.o(i.RCC_APB1PeriphResetCmd)
    RCC_APB2PeriphClockCmd                   0x08001231   Thumb Code    26  stm32f10x_rcc.o(i.RCC_APB2PeriphClockCmd)
    RCC_GetClocksFreq                        0x08001251   Thumb Code   192  stm32f10x_rcc.o(i.RCC_GetClocksFreq)
    Read_Encoder                             0x08001325   Thumb Code    70  encoder.o(i.Read_Encoder)
    Remind_light_beep                        0x08001375   Thumb Code   248  find_track.o(i.Remind_light_beep)
    SVC_Handler                              0x08001481   Thumb Code     2  stm32f10x_it.o(i.SVC_Handler)
    SysTick_CLKSourceConfig                  0x0800156d   Thumb Code    40  misc.o(i.SysTick_CLKSourceConfig)
    SysTick_Handler                          0x08001595   Thumb Code     2  stm32f10x_it.o(i.SysTick_Handler)
    SystemInit                               0x08001599   Thumb Code    78  system_stm32f10x.o(i.SystemInit)
    TIM1_PWM_Init                            0x08001839   Thumb Code   160  motor.o(i.TIM1_PWM_Init)
    TIM2_IRQHandler                          0x080018e1   Thumb Code   114  timme.o(i.TIM2_IRQHandler)
    TIM4_IRQHandler                          0x0800195d   Thumb Code    18  encoder.o(i.TIM4_IRQHandler)
    TIM_ARRPreloadConfig                     0x08001975   Thumb Code    24  stm32f10x_tim.o(i.TIM_ARRPreloadConfig)
    TIM_ClearFlag                            0x0800198d   Thumb Code     6  stm32f10x_tim.o(i.TIM_ClearFlag)
    TIM_ClearITPendingBit                    0x08001993   Thumb Code     6  stm32f10x_tim.o(i.TIM_ClearITPendingBit)
    TIM_Cmd                                  0x08001999   Thumb Code    24  stm32f10x_tim.o(i.TIM_Cmd)
    TIM_CtrlPWMOutputs                       0x080019b1   Thumb Code    30  stm32f10x_tim.o(i.TIM_CtrlPWMOutputs)
    TIM_EncoderInterfaceConfig               0x080019cf   Thumb Code    66  stm32f10x_tim.o(i.TIM_EncoderInterfaceConfig)
    TIM_GetITStatus                          0x08001a11   Thumb Code    34  stm32f10x_tim.o(i.TIM_GetITStatus)
    TIM_ICInit                               0x08001a35   Thumb Code   150  stm32f10x_tim.o(i.TIM_ICInit)
    TIM_ICStructInit                         0x08001ae1   Thumb Code    18  stm32f10x_tim.o(i.TIM_ICStructInit)
    TIM_ITConfig                             0x08001af3   Thumb Code    18  stm32f10x_tim.o(i.TIM_ITConfig)
    TIM_OC1Init                              0x08001b05   Thumb Code   132  stm32f10x_tim.o(i.TIM_OC1Init)
    TIM_OC1PreloadConfig                     0x08001b9d   Thumb Code    18  stm32f10x_tim.o(i.TIM_OC1PreloadConfig)
    TIM_OC4Init                              0x08001bb1   Thumb Code   114  stm32f10x_tim.o(i.TIM_OC4Init)
    TIM_OC4PreloadConfig                     0x08001c2d   Thumb Code    26  stm32f10x_tim.o(i.TIM_OC4PreloadConfig)
    TIM_SetCounter                           0x08001c47   Thumb Code     4  stm32f10x_tim.o(i.TIM_SetCounter)
    TIM_SetIC1Prescaler                      0x08001c4b   Thumb Code    18  stm32f10x_tim.o(i.TIM_SetIC1Prescaler)
    TIM_SetIC2Prescaler                      0x08001c5d   Thumb Code    26  stm32f10x_tim.o(i.TIM_SetIC2Prescaler)
    TIM_SetIC3Prescaler                      0x08001c77   Thumb Code    18  stm32f10x_tim.o(i.TIM_SetIC3Prescaler)
    TIM_SetIC4Prescaler                      0x08001c89   Thumb Code    26  stm32f10x_tim.o(i.TIM_SetIC4Prescaler)
    TIM_TimeBaseInit                         0x08001ca5   Thumb Code   122  stm32f10x_tim.o(i.TIM_TimeBaseInit)
    TIM_TimeBaseStructInit                   0x08001d49   Thumb Code    18  stm32f10x_tim.o(i.TIM_TimeBaseStructInit)
    Timer2_Init                              0x08001d5b   Thumb Code    94  timme.o(i.Timer2_Init)
    Turn_off                                 0x08001db9   Thumb Code    26  find_track.o(i.Turn_off)
    USART1_IRQHandler                        0x08001ddd   Thumb Code   122  usart.o(i.USART1_IRQHandler)
    USART2_IRQHandler                        0x08001e65   Thumb Code    60  usart2.o(i.USART2_IRQHandler)
    USART_ClearITPendingBit                  0x08001ea5   Thumb Code    30  stm32f10x_usart.o(i.USART_ClearITPendingBit)
    USART_Cmd                                0x08001ec3   Thumb Code    24  stm32f10x_usart.o(i.USART_Cmd)
    USART_GetITStatus                        0x08001edb   Thumb Code    84  stm32f10x_usart.o(i.USART_GetITStatus)
    USART_ITConfig                           0x08001f2f   Thumb Code    74  stm32f10x_usart.o(i.USART_ITConfig)
    USART_Init                               0x08001f79   Thumb Code   210  stm32f10x_usart.o(i.USART_Init)
    USART_ReceiveData                        0x08002051   Thumb Code    10  stm32f10x_usart.o(i.USART_ReceiveData)
    UsageFault_Handler                       0x0800205b   Thumb Code     4  stm32f10x_it.o(i.UsageFault_Handler)
    _sys_exit                                0x0800205f   Thumb Code     6  usart.o(i._sys_exit)
    delay_init                               0x08002065   Thumb Code    50  delay.o(i.delay_init)
    delay_ms                                 0x080020a9   Thumb Code    72  delay.o(i.delay_ms)
    display                                  0x080020f5   Thumb Code    28  find_track.o(i.display)
    find_Init                                0x08002115   Thumb Code    32  find_track.o(i.find_Init)
    find_control                             0x08002139   Thumb Code   456  find_track.o(i.find_control)
    main                                     0x08002309   Thumb Code   266  main.o(i.main)
    uart2_init                               0x0800242d   Thumb Code   168  usart2.o(i.uart2_init)
    __aeabi_d2f                              0x080024dd   Thumb Code     0  d2f.o(x$fpl$d2f)
    _d2f                                     0x080024dd   Thumb Code    98  d2f.o(x$fpl$d2f)
    __aeabi_dadd                             0x08002541   Thumb Code     0  daddsub_clz.o(x$fpl$dadd)
    _dadd                                    0x08002541   Thumb Code   332  daddsub_clz.o(x$fpl$dadd)
    __fpl_dcmp_Inf                           0x08002691   Thumb Code    24  dcmpi.o(x$fpl$dcmpinf)
    __aeabi_ddiv                             0x080026a9   Thumb Code     0  ddiv.o(x$fpl$ddiv)
    _ddiv                                    0x080026a9   Thumb Code   552  ddiv.o(x$fpl$ddiv)
    __aeabi_d2iz                             0x08002959   Thumb Code     0  dfix.o(x$fpl$dfix)
    _dfix                                    0x08002959   Thumb Code    94  dfix.o(x$fpl$dfix)
    __aeabi_d2uiz                            0x080029b9   Thumb Code     0  dfixu.o(x$fpl$dfixu)
    _dfixu                                   0x080029b9   Thumb Code    90  dfixu.o(x$fpl$dfixu)
    __aeabi_i2d                              0x08002a13   Thumb Code     0  dflt_clz.o(x$fpl$dflt)
    _dflt                                    0x08002a13   Thumb Code    46  dflt_clz.o(x$fpl$dflt)
    __aeabi_ui2d                             0x08002a41   Thumb Code     0  dflt_clz.o(x$fpl$dfltu)
    _dfltu                                   0x08002a41   Thumb Code    38  dflt_clz.o(x$fpl$dfltu)
    __aeabi_cdcmple                          0x08002a69   Thumb Code     0  dleqf.o(x$fpl$dleqf)
    _dcmple                                  0x08002a69   Thumb Code   120  dleqf.o(x$fpl$dleqf)
    __fpl_dcmple_InfNaN                      0x08002acb   Thumb Code     0  dleqf.o(x$fpl$dleqf)
    __aeabi_dmul                             0x08002ae1   Thumb Code     0  dmul.o(x$fpl$dmul)
    _dmul                                    0x08002ae1   Thumb Code   332  dmul.o(x$fpl$dmul)
    __fpl_dnaninf                            0x08002c35   Thumb Code   156  dnaninf.o(x$fpl$dnaninf)
    __fpl_dretinf                            0x08002cd1   Thumb Code    12  dretinf.o(x$fpl$dretinf)
    __aeabi_drsub                            0x08002cdd   Thumb Code     0  daddsub_clz.o(x$fpl$drsb)
    _drsb                                    0x08002cdd   Thumb Code    22  daddsub_clz.o(x$fpl$drsb)
    __aeabi_dsub                             0x08002cf5   Thumb Code     0  daddsub_clz.o(x$fpl$dsub)
    _dsub                                    0x08002cf5   Thumb Code   464  daddsub_clz.o(x$fpl$dsub)
    __aeabi_f2d                              0x08002ec9   Thumb Code     0  f2d.o(x$fpl$f2d)
    _f2d                                     0x08002ec9   Thumb Code    86  f2d.o(x$fpl$f2d)
    __fpl_fnaninf                            0x08002f1f   Thumb Code   140  fnaninf.o(x$fpl$fnaninf)
    __fpl_fretinf                            0x08002fab   Thumb Code    10  fretinf.o(x$fpl$fretinf)
    F6x8                                     0x08002fb4   Data         552  oled.o(.constdata)
    __I$use$fp                               0x08002fb4   Number         0  usenofp.o(x$fpl$usenofp)
    F8X16                                    0x080031dc   Data        1520  oled.o(.constdata)
    Region$$Table$$Base                      0x080037cc   Number         0  anon$$obj.o(Region$$Table)
    Region$$Table$$Limit                     0x080037ec   Number         0  anon$$obj.o(Region$$Table)
    SystemCoreClock                          0x20000000   Data           4  system_stm32f10x.o(.data)
    AHBPrescTable                            0x20000004   Data          16  system_stm32f10x.o(.data)
    openmv_data                              0x20000014   Data           8  openmv_data.o(.data)
    ucRxBuffer                               0x2000001c   Data           8  openmv_data.o(.data)
    agreement                                0x20000024   Data           6  openmv_data.o(.data)
    Hzk                                      0x20000030   Data        1152  oled.o(.data)
    __stdout                                 0x200004b4   Data           4  usart.o(.data)
    USART_RX_STA                             0x200004b8   Data           2  usart.o(.data)
    find_tracks                              0x200004d0   Data          20  find_track.o(.bss)
    USART_RX_BUF                             0x200004e4   Data         200  usart.o(.bss)
    __libspace_start                         0x200005ac   Data          96  libspace.o(.bss)
    __temporary_stack_top$libspace           0x2000060c   Data           0  libspace.o(.bss)



==============================================================================

Memory Map of the image

  Image Entry point : 0x080000ed

  Load Region LR_IROM1 (Base: 0x08000000, Size: 0x00003cbc, Max: 0x00010000, ABSOLUTE, COMPRESSED[0x00003a1c])

    Execution Region ER_IROM1 (Base: 0x08000000, Size: 0x000037ec, Max: 0x00010000, ABSOLUTE)

    Base Addr    Size         Type   Attr      Idx    E Section Name        Object

    0x08000000   0x000000ec   Data   RO         3868    RESET               startup_stm32f10x_md.o
    0x080000ec   0x00000008   Code   RO         3879  * !!!main             c_w.l(__main.o)
    0x080000f4   0x00000034   Code   RO         4078    !!!scatter          c_w.l(__scatter.o)
    0x08000128   0x0000005a   Code   RO         4076    !!dczerorl2         c_w.l(__dczerorl2.o)
    0x08000182   0x00000002   PAD
    0x08000184   0x0000001c   Code   RO         4080    !!handler_zi        c_w.l(__scatter_zi.o)
    0x080001a0   0x00000002   Code   RO         3951    .ARM.Collect$$libinit$$00000000  c_w.l(libinit.o)
    0x080001a2   0x00000000   Code   RO         3958    .ARM.Collect$$libinit$$00000002  c_w.l(libinit2.o)
    0x080001a2   0x00000000   Code   RO         3960    .ARM.Collect$$libinit$$00000004  c_w.l(libinit2.o)
    0x080001a2   0x00000000   Code   RO         3963    .ARM.Collect$$libinit$$0000000A  c_w.l(libinit2.o)
    0x080001a2   0x00000000   Code   RO         3965    .ARM.Collect$$libinit$$0000000C  c_w.l(libinit2.o)
    0x080001a2   0x00000000   Code   RO         3967    .ARM.Collect$$libinit$$0000000E  c_w.l(libinit2.o)
    0x080001a2   0x00000000   Code   RO         3970    .ARM.Collect$$libinit$$00000011  c_w.l(libinit2.o)
    0x080001a2   0x00000000   Code   RO         3972    .ARM.Collect$$libinit$$00000013  c_w.l(libinit2.o)
    0x080001a2   0x00000000   Code   RO         3974    .ARM.Collect$$libinit$$00000015  c_w.l(libinit2.o)
    0x080001a2   0x00000000   Code   RO         3976    .ARM.Collect$$libinit$$00000017  c_w.l(libinit2.o)
    0x080001a2   0x00000000   Code   RO         3978    .ARM.Collect$$libinit$$00000019  c_w.l(libinit2.o)
    0x080001a2   0x00000000   Code   RO         3980    .ARM.Collect$$libinit$$0000001B  c_w.l(libinit2.o)
    0x080001a2   0x00000000   Code   RO         3982    .ARM.Collect$$libinit$$0000001D  c_w.l(libinit2.o)
    0x080001a2   0x00000000   Code   RO         3984    .ARM.Collect$$libinit$$0000001F  c_w.l(libinit2.o)
    0x080001a2   0x00000000   Code   RO         3986    .ARM.Collect$$libinit$$00000021  c_w.l(libinit2.o)
    0x080001a2   0x00000000   Code   RO         3988    .ARM.Collect$$libinit$$00000023  c_w.l(libinit2.o)
    0x080001a2   0x00000000   Code   RO         3990    .ARM.Collect$$libinit$$00000025  c_w.l(libinit2.o)
    0x080001a2   0x00000000   Code   RO         3994    .ARM.Collect$$libinit$$0000002C  c_w.l(libinit2.o)
    0x080001a2   0x00000000   Code   RO         3996    .ARM.Collect$$libinit$$0000002E  c_w.l(libinit2.o)
    0x080001a2   0x00000000   Code   RO         3998    .ARM.Collect$$libinit$$00000030  c_w.l(libinit2.o)
    0x080001a2   0x00000000   Code   RO         4000    .ARM.Collect$$libinit$$00000032  c_w.l(libinit2.o)
    0x080001a2   0x00000002   Code   RO         4001    .ARM.Collect$$libinit$$00000033  c_w.l(libinit2.o)
    0x080001a4   0x00000002   Code   RO         4019    .ARM.Collect$$libshutdown$$00000000  c_w.l(libshutdown.o)
    0x080001a6   0x00000000   Code   RO         4030    .ARM.Collect$$libshutdown$$00000003  c_w.l(libshutdown2.o)
    0x080001a6   0x00000000   Code   RO         4033    .ARM.Collect$$libshutdown$$00000006  c_w.l(libshutdown2.o)
    0x080001a6   0x00000000   Code   RO         4036    .ARM.Collect$$libshutdown$$00000009  c_w.l(libshutdown2.o)
    0x080001a6   0x00000000   Code   RO         4038    .ARM.Collect$$libshutdown$$0000000B  c_w.l(libshutdown2.o)
    0x080001a6   0x00000000   Code   RO         4041    .ARM.Collect$$libshutdown$$0000000E  c_w.l(libshutdown2.o)
    0x080001a6   0x00000002   Code   RO         4042    .ARM.Collect$$libshutdown$$0000000F  c_w.l(libshutdown2.o)
    0x080001a8   0x00000000   Code   RO         3915    .ARM.Collect$$rtentry$$00000000  c_w.l(__rtentry.o)
    0x080001a8   0x00000000   Code   RO         3928    .ARM.Collect$$rtentry$$00000002  c_w.l(__rtentry2.o)
    0x080001a8   0x00000006   Code   RO         3940    .ARM.Collect$$rtentry$$00000004  c_w.l(__rtentry4.o)
    0x080001ae   0x00000000   Code   RO         3930    .ARM.Collect$$rtentry$$00000009  c_w.l(__rtentry2.o)
    0x080001ae   0x00000004   Code   RO         3931    .ARM.Collect$$rtentry$$0000000A  c_w.l(__rtentry2.o)
    0x080001b2   0x00000000   Code   RO         3933    .ARM.Collect$$rtentry$$0000000C  c_w.l(__rtentry2.o)
    0x080001b2   0x00000008   Code   RO         3934    .ARM.Collect$$rtentry$$0000000D  c_w.l(__rtentry2.o)
    0x080001ba   0x00000002   Code   RO         3955    .ARM.Collect$$rtexit$$00000000  c_w.l(rtexit.o)
    0x080001bc   0x00000000   Code   RO         4003    .ARM.Collect$$rtexit$$00000002  c_w.l(rtexit2.o)
    0x080001bc   0x00000004   Code   RO         4004    .ARM.Collect$$rtexit$$00000003  c_w.l(rtexit2.o)
    0x080001c0   0x00000006   Code   RO         4005    .ARM.Collect$$rtexit$$00000004  c_w.l(rtexit2.o)
    0x080001c6   0x00000002   PAD
    0x080001c8   0x00000040   Code   RO         3869    .text               startup_stm32f10x_md.o
    0x08000208   0x00000002   Code   RO         3875    .text               c_w.l(use_no_semi_2.o)
    0x0800020a   0x00000006   Code   RO         3877    .text               c_w.l(heapauxi.o)
    0x08000210   0x00000002   Code   RO         3913    .text               c_w.l(use_no_semi.o)
    0x08000212   0x0000004a   Code   RO         3942    .text               c_w.l(sys_stackheap_outer.o)
    0x0800025c   0x0000000c   Code   RO         3944    .text               c_w.l(exit.o)
    0x08000268   0x00000008   Code   RO         3952    .text               c_w.l(libspace.o)
    0x08000270   0x00000048   Code   RO          469    i.Beep_Mental_Init  find_track.o
    0x080002b8   0x00000004   Code   RO          156    i.BusFault_Handler  stm32f10x_it.o
    0x080002bc   0x0000005c   Code   RO          470    i.Count_Distance    find_track.o
    0x08000318   0x00000002   Code   RO          157    i.DebugMon_Handler  stm32f10x_it.o
    0x0800031a   0x00000002   PAD
    0x0800031c   0x00000038   Code   RO          471    i.Display_Code      find_track.o
    0x08000354   0x00000048   Code   RO          472    i.Display_Distance  find_track.o
    0x0800039c   0x0000008c   Code   RO          473    i.Display_Time      find_track.o
    0x08000428   0x0000009c   Code   RO          403    i.Encoder_Init_TIM4  encoder.o
    0x080004c4   0x00000040   Code   RO          474    i.Find_light_Init   find_track.o
    0x08000504   0x000001b0   Code   RO          292    i.GPIOSet           magec.o
    0x080006b4   0x00000116   Code   RO         2040    i.GPIO_Init         stm32f10x_gpio.o
    0x080007ca   0x00000012   Code   RO         2044    i.GPIO_ReadInputDataBit  stm32f10x_gpio.o
    0x080007dc   0x00000004   Code   RO         2047    i.GPIO_ResetBits    stm32f10x_gpio.o
    0x080007e0   0x00000004   Code   RO         2048    i.GPIO_SetBits      stm32f10x_gpio.o
    0x080007e4   0x00000038   Code   RO          475    i.Go_big_left       find_track.o
    0x0800081c   0x00000038   Code   RO          476    i.Go_big_right      find_track.o
    0x08000854   0x0000003c   Code   RO          477    i.Go_foward         find_track.o
    0x08000890   0x00000038   Code   RO          478    i.Go_left           find_track.o
    0x080008c8   0x00000038   Code   RO          480    i.Go_right          find_track.o
    0x08000900   0x00000004   Code   RO          158    i.HardFault_Handler  stm32f10x_it.o
    0x08000904   0x00000028   Code   RO          253    i.LED_Init          led.o
    0x0800092c   0x00000004   Code   RO          159    i.MemManage_Handler  stm32f10x_it.o
    0x08000930   0x00000054   Code   RO          439    i.Motor_Init        motor.o
    0x08000984   0x00000002   Code   RO          160    i.NMI_Handler       stm32f10x_it.o
    0x08000986   0x00000002   PAD
    0x08000988   0x00000070   Code   RO          889    i.NVIC_Init         misc.o
    0x080009f8   0x00000014   Code   RO          890    i.NVIC_PriorityGroupConfig  misc.o
    0x08000a0c   0x0000003e   Code   RO          589    i.OLED_Clear        oled.o
    0x08000a4a   0x00000002   PAD
    0x08000a4c   0x000001a4   Code   RO          593    i.OLED_Float        oled.o
    0x08000bf0   0x00000030   Code   RO          595    i.OLED_IIC_Start    oled.o
    0x08000c20   0x00000028   Code   RO          596    i.OLED_IIC_Stop     oled.o
    0x08000c48   0x0000001c   Code   RO          597    i.OLED_IIC_Wait_Ack  oled.o
    0x08000c64   0x00000114   Code   RO          598    i.OLED_Init         oled.o
    0x08000d78   0x00000088   Code   RO          599    i.OLED_Num2         oled.o
    0x08000e00   0x000000b4   Code   RO          600    i.OLED_Num3         oled.o
    0x08000eb4   0x00000044   Code   RO          603    i.OLED_Num_write    oled.o
    0x08000ef8   0x00000028   Code   RO          605    i.OLED_Set_Pos      oled.o
    0x08000f20   0x00000068   Code   RO          606    i.OLED_ShowCHinese  oled.o
    0x08000f88   0x000000a4   Code   RO          607    i.OLED_ShowChar     oled.o
    0x0800102c   0x00000036   Code   RO          609    i.OLED_ShowString   oled.o
    0x08001062   0x00000018   Code   RO          610    i.OLED_WR_Byte      oled.o
    0x0800107a   0x00000002   PAD
    0x0800107c   0x0000005c   Code   RO          611    i.OLED_Write_IIC_Byte  oled.o
    0x080010d8   0x0000002c   Code   RO          612    i.OLED_Write_IIC_Command  oled.o
    0x08001104   0x0000002c   Code   RO          613    i.OLED_Write_IIC_Data  oled.o
    0x08001130   0x000000bc   Code   RO          316    i.OPNMV_DataHandle  openmv_data.o
    0x080011ec   0x00000002   Code   RO          161    i.PendSV_Handler    stm32f10x_it.o
    0x080011ee   0x00000002   PAD
    0x080011f0   0x00000020   Code   RO         2456    i.RCC_APB1PeriphClockCmd  stm32f10x_rcc.o
    0x08001210   0x00000020   Code   RO         2457    i.RCC_APB1PeriphResetCmd  stm32f10x_rcc.o
    0x08001230   0x00000020   Code   RO         2458    i.RCC_APB2PeriphClockCmd  stm32f10x_rcc.o
    0x08001250   0x000000d4   Code   RO         2466    i.RCC_GetClocksFreq  stm32f10x_rcc.o
    0x08001324   0x00000050   Code   RO          404    i.Read_Encoder      encoder.o
    0x08001374   0x0000010c   Code   RO          481    i.Remind_light_beep  find_track.o
    0x08001480   0x00000002   Code   RO          162    i.SVC_Handler       stm32f10x_it.o
    0x08001482   0x00000008   Code   RO          219    i.SetSysClock       system_stm32f10x.o
    0x0800148a   0x00000002   PAD
    0x0800148c   0x000000e0   Code   RO          220    i.SetSysClockTo72   system_stm32f10x.o
    0x0800156c   0x00000028   Code   RO          893    i.SysTick_CLKSourceConfig  misc.o
    0x08001594   0x00000002   Code   RO          163    i.SysTick_Handler   stm32f10x_it.o
    0x08001596   0x00000002   PAD
    0x08001598   0x00000060   Code   RO          222    i.SystemInit        system_stm32f10x.o
    0x080015f8   0x00000080   Code   RO         3074    i.TI1_Config        stm32f10x_tim.o
    0x08001678   0x00000098   Code   RO         3075    i.TI2_Config        stm32f10x_tim.o
    0x08001710   0x00000090   Code   RO         3076    i.TI3_Config        stm32f10x_tim.o
    0x080017a0   0x00000098   Code   RO         3077    i.TI4_Config        stm32f10x_tim.o
    0x08001838   0x000000a8   Code   RO          441    i.TIM1_PWM_Init     motor.o
    0x080018e0   0x0000007c   Code   RO          352    i.TIM2_IRQHandler   timme.o
    0x0800195c   0x00000018   Code   RO          405    i.TIM4_IRQHandler   encoder.o
    0x08001974   0x00000018   Code   RO         3078    i.TIM_ARRPreloadConfig  stm32f10x_tim.o
    0x0800198c   0x00000006   Code   RO         3084    i.TIM_ClearFlag     stm32f10x_tim.o
    0x08001992   0x00000006   Code   RO         3085    i.TIM_ClearITPendingBit  stm32f10x_tim.o
    0x08001998   0x00000018   Code   RO         3090    i.TIM_Cmd           stm32f10x_tim.o
    0x080019b0   0x0000001e   Code   RO         3092    i.TIM_CtrlPWMOutputs  stm32f10x_tim.o
    0x080019ce   0x00000042   Code   RO         3099    i.TIM_EncoderInterfaceConfig  stm32f10x_tim.o
    0x08001a10   0x00000022   Code   RO         3111    i.TIM_GetITStatus   stm32f10x_tim.o
    0x08001a32   0x00000002   PAD
    0x08001a34   0x000000ac   Code   RO         3113    i.TIM_ICInit        stm32f10x_tim.o
    0x08001ae0   0x00000012   Code   RO         3114    i.TIM_ICStructInit  stm32f10x_tim.o
    0x08001af2   0x00000012   Code   RO         3115    i.TIM_ITConfig      stm32f10x_tim.o
    0x08001b04   0x00000098   Code   RO         3119    i.TIM_OC1Init       stm32f10x_tim.o
    0x08001b9c   0x00000012   Code   RO         3122    i.TIM_OC1PreloadConfig  stm32f10x_tim.o
    0x08001bae   0x00000002   PAD
    0x08001bb0   0x0000007c   Code   RO         3134    i.TIM_OC4Init       stm32f10x_tim.o
    0x08001c2c   0x0000001a   Code   RO         3136    i.TIM_OC4PreloadConfig  stm32f10x_tim.o
    0x08001c46   0x00000004   Code   RO         3155    i.TIM_SetCounter    stm32f10x_tim.o
    0x08001c4a   0x00000012   Code   RO         3156    i.TIM_SetIC1Prescaler  stm32f10x_tim.o
    0x08001c5c   0x0000001a   Code   RO         3157    i.TIM_SetIC2Prescaler  stm32f10x_tim.o
    0x08001c76   0x00000012   Code   RO         3158    i.TIM_SetIC3Prescaler  stm32f10x_tim.o
    0x08001c88   0x0000001a   Code   RO         3159    i.TIM_SetIC4Prescaler  stm32f10x_tim.o
    0x08001ca2   0x00000002   PAD
    0x08001ca4   0x000000a4   Code   RO         3161    i.TIM_TimeBaseInit  stm32f10x_tim.o
    0x08001d48   0x00000012   Code   RO         3162    i.TIM_TimeBaseStructInit  stm32f10x_tim.o
    0x08001d5a   0x0000005e   Code   RO          353    i.Timer2_Init       timme.o
    0x08001db8   0x00000024   Code   RO          482    i.Turn_off          find_track.o
    0x08001ddc   0x00000088   Code   RO          848    i.USART1_IRQHandler  usart.o
    0x08001e64   0x00000040   Code   RO          334    i.USART2_IRQHandler  usart2.o
    0x08001ea4   0x0000001e   Code   RO         3623    i.USART_ClearITPendingBit  stm32f10x_usart.o
    0x08001ec2   0x00000018   Code   RO         3626    i.USART_Cmd         stm32f10x_usart.o
    0x08001eda   0x00000054   Code   RO         3630    i.USART_GetITStatus  stm32f10x_usart.o
    0x08001f2e   0x0000004a   Code   RO         3632    i.USART_ITConfig    stm32f10x_usart.o
    0x08001f78   0x000000d8   Code   RO         3633    i.USART_Init        stm32f10x_usart.o
    0x08002050   0x0000000a   Code   RO         3640    i.USART_ReceiveData  stm32f10x_usart.o
    0x0800205a   0x00000004   Code   RO          164    i.UsageFault_Handler  stm32f10x_it.o
    0x0800205e   0x00000006   Code   RO          849    i._sys_exit         usart.o
    0x08002064   0x00000044   Code   RO          793    i.delay_init        delay.o
    0x080020a8   0x0000004c   Code   RO          794    i.delay_ms          delay.o
    0x080020f4   0x00000020   Code   RO          483    i.display           find_track.o
    0x08002114   0x00000024   Code   RO          484    i.find_Init         find_track.o
    0x08002138   0x000001d0   Code   RO          485    i.find_control      find_track.o
    0x08002308   0x00000124   Code   RO            1    i.main              main.o
    0x0800242c   0x000000b0   Code   RO          335    i.uart2_init        usart2.o
    0x080024dc   0x00000062   Code   RO         3881    x$fpl$d2f           fz_ws.l(d2f.o)
    0x0800253e   0x00000002   PAD
    0x08002540   0x00000150   Code   RO         3883    x$fpl$dadd          fz_ws.l(daddsub_clz.o)
    0x08002690   0x00000018   Code   RO         3916    x$fpl$dcmpinf       fz_ws.l(dcmpi.o)
    0x080026a8   0x000002b0   Code   RO         3890    x$fpl$ddiv          fz_ws.l(ddiv.o)
    0x08002958   0x0000005e   Code   RO         3893    x$fpl$dfix          fz_ws.l(dfix.o)
    0x080029b6   0x00000002   PAD
    0x080029b8   0x0000005a   Code   RO         3897    x$fpl$dfixu         fz_ws.l(dfixu.o)
    0x08002a12   0x0000002e   Code   RO         3902    x$fpl$dflt          fz_ws.l(dflt_clz.o)
    0x08002a40   0x00000026   Code   RO         3901    x$fpl$dfltu         fz_ws.l(dflt_clz.o)
    0x08002a66   0x00000002   PAD
    0x08002a68   0x00000078   Code   RO         3907    x$fpl$dleqf         fz_ws.l(dleqf.o)
    0x08002ae0   0x00000154   Code   RO         3909    x$fpl$dmul          fz_ws.l(dmul.o)
    0x08002c34   0x0000009c   Code   RO         3918    x$fpl$dnaninf       fz_ws.l(dnaninf.o)
    0x08002cd0   0x0000000c   Code   RO         3920    x$fpl$dretinf       fz_ws.l(dretinf.o)
    0x08002cdc   0x00000016   Code   RO         3884    x$fpl$drsb          fz_ws.l(daddsub_clz.o)
    0x08002cf2   0x00000002   PAD
    0x08002cf4   0x000001d4   Code   RO         3885    x$fpl$dsub          fz_ws.l(daddsub_clz.o)
    0x08002ec8   0x00000056   Code   RO         3911    x$fpl$f2d           fz_ws.l(f2d.o)
    0x08002f1e   0x0000008c   Code   RO         3922    x$fpl$fnaninf       fz_ws.l(fnaninf.o)
    0x08002faa   0x0000000a   Code   RO         3924    x$fpl$fretinf       fz_ws.l(fretinf.o)
    0x08002fb4   0x00000000   Code   RO         3926    x$fpl$usenofp       fz_ws.l(usenofp.o)
    0x08002fb4   0x00000818   Data   RO          619    .constdata          oled.o
    0x080037cc   0x00000020   Data   RO         4074    Region$$Table       anon$$obj.o


    Execution Region RW_IRAM1 (Base: 0x20000000, Size: 0x00000c10, Max: 0x00005000, ABSOLUTE, COMPRESSED[0x00000230])

    Base Addr    Size         Type   Attr      Idx    E Section Name        Object

    0x20000000   0x00000014   Data   RW          223    .data               system_stm32f10x.o
    0x20000014   0x00000017   Data   RW          317    .data               openmv_data.o
    0x2000002b   0x00000001   PAD
    0x2000002c   0x00000004   Data   RW          488    .data               find_track.o
    0x20000030   0x00000480   Data   RW          620    .data               oled.o
    0x200004b0   0x00000004   Data   RW          796    .data               delay.o
    0x200004b4   0x00000006   Data   RW          853    .data               usart.o
    0x200004ba   0x00000014   Data   RW         2486    .data               stm32f10x_rcc.o
    0x200004ce   0x00000002   PAD
    0x200004d0   0x00000014   Zero   RW          487    .bss                find_track.o
    0x200004e4   0x000000c8   Zero   RW          852    .bss                usart.o
    0x200005ac   0x00000060   Zero   RW         3953    .bss                c_w.l(libspace.o)
    0x2000060c   0x00000004   PAD
    0x20000610   0x00000200   Zero   RW         3867    HEAP                startup_stm32f10x_md.o
    0x20000810   0x00000400   Zero   RW         3866    STACK               startup_stm32f10x_md.o


==============================================================================

Image component sizes


      Code (inc. data)   RO Data    RW Data    ZI Data      Debug   Object Name

       144         22          0          4          0       1148   delay.o
       260         24          0          0          0       1737   encoder.o
      1616        186          0          4         20       8443   find_track.o
        40          4          0          0          0     203787   led.o
       432         24          0          0          0       1306   magec.o
       292         26          0          0          0      49731   main.o
       172         22          0          0          0       1997   misc.o
       252         22          0          0          0       1245   motor.o
      1824         48       2072       1152          0      11656   oled.o
       188         18          0         23          0       1766   openmv_data.o
        64         26        236          0       1536        784   startup_stm32f10x_md.o
       304          0          0          0          0       3556   stm32f10x_gpio.o
        26          0          0          0          0       3598   stm32f10x_it.o
       308         38          0         20          0       4923   stm32f10x_rcc.o
      1568        180          0          0          0      15607   stm32f10x_tim.o
       438          6          0          0          0       5468   stm32f10x_usart.o
         0          0          0          0          0         32   sys.o
       328         28          0         20          0       2017   system_stm32f10x.o
       218         10          0          0          0       1156   timme.o
       142         14          0          6        200       2868   usart.o
       240         12          0          0          0       1193   usart2.o

    ----------------------------------------------------------------------
      8876        710       2340       1232       1756     324018   Object Totals
         0          0         32          0          0          0   (incl. Generated)
        20          0          0          3          0          0   (incl. Padding)

    ----------------------------------------------------------------------

      Code (inc. data)   RO Data    RW Data    ZI Data      Debug   Library Member Name

        90          0          0          0          0          0   __dczerorl2.o
         8          0          0          0          0         68   __main.o
         0          0          0          0          0          0   __rtentry.o
        12          0          0          0          0          0   __rtentry2.o
         6          0          0          0          0          0   __rtentry4.o
        52          8          0          0          0          0   __scatter.o
        28          0          0          0          0          0   __scatter_zi.o
        12          0          0          0          0         72   exit.o
         6          0          0          0          0        152   heapauxi.o
         2          0          0          0          0          0   libinit.o
         2          0          0          0          0          0   libinit2.o
         2          0          0          0          0          0   libshutdown.o
         2          0          0          0          0          0   libshutdown2.o
         8          4          0          0         96         68   libspace.o
         2          0          0          0          0          0   rtexit.o
        10          0          0          0          0          0   rtexit2.o
        74          0          0          0          0         80   sys_stackheap_outer.o
         2          0          0          0          0         68   use_no_semi.o
         2          0          0          0          0         68   use_no_semi_2.o
        98          4          0          0          0         92   d2f.o
       826         16          0          0          0        348   daddsub_clz.o
        24          0          0          0          0         68   dcmpi.o
       688        140          0          0          0        208   ddiv.o
        94          4          0          0          0         92   dfix.o
        90          4          0          0          0         92   dfixu.o
        84          0          0          0          0        136   dflt_clz.o
       120          4          0          0          0         92   dleqf.o
       340         12          0          0          0        104   dmul.o
       156          4          0          0          0         92   dnaninf.o
        12          0          0          0          0         68   dretinf.o
        86          4          0          0          0         84   f2d.o
       140          4          0          0          0         84   fnaninf.o
        10          0          0          0          0         68   fretinf.o
         0          0          0          0          0          0   usenofp.o

    ----------------------------------------------------------------------
      3100        208          0          0        100       2204   Library Totals
        12          0          0          0          4          0   (incl. Padding)

    ----------------------------------------------------------------------

      Code (inc. data)   RO Data    RW Data    ZI Data      Debug   Library Name

       320         12          0          0         96        576   c_w.l
      2768        196          0          0          0       1628   fz_ws.l

    ----------------------------------------------------------------------
      3100        208          0          0        100       2204   Library Totals

    ----------------------------------------------------------------------

==============================================================================


      Code (inc. data)   RO Data    RW Data    ZI Data      Debug   

     11976        918       2340       1232       1856     319978   Grand Totals
     11976        918       2340        560       1856     319978   ELF Image Totals (compressed)
     11976        918       2340        560          0          0   ROM Totals

==============================================================================

    Total RO  Size (Code + RO Data)                14316 (  13.98kB)
    Total RW  Size (RW Data + ZI Data)              3088 (   3.02kB)
    Total ROM Size (Code + RO Data + RW Data)      14876 (  14.53kB)

==============================================================================

