<html>
<body>
<pre>
<h1>礦ision Build Log</h1>
<h2>Tool Versions:</h2>
IDE-Version: μVision V5.14.0.0
Copyright (C) 2015 ARM Ltd and ARM Germany GmbH. All rights reserved.
License Information: 卢晓波 8617776, HP Inc., LIC=IK1VE-53EIF-BQK0K-ZCMB4-IDFAE-NSKHH
 
Tool Versions:
Toolchain:       MDK-ARM Standard  Version: 5.14.0.0
Toolchain Path:  C:\Keil_v5\ARM\ARMCC\Bin
C Compiler:      Armcc.exe V5.05 update 1 (build 106)
Assembler:       Armasm.exe V5.05 update 1 (build 106)
Linker/Locator:  ArmLink.exe V5.05 update 1 (build 106)
Library Manager: ArmAr.exe V5.05 update 1 (build 106)
Hex Converter:   FromElf.exe V5.05 update 1 (build 106)
CPU DLL:         SARMCM3.DLL V5.14.0.0
Dialog DLL:      DARMSTM.DLL V1.65.0.0
Target DLL:      Segger\JL2CM3.dll V2.99.13.0
Dialog DLL:      TARMSTM.DLL V1.64.0.0
 
<h2>Project:</h2>
C:\Users\86177\Desktop\102实验室智能小车\USER\双创智能小车.uvprojx
Project File Date:  11/24/2020

<h2>Output:</h2>
Build target 'Target 1'
compiling main.c...
main.c(53): warning:  #186-D: pointless comparison of unsigned integer with zero
           if(find_tracks.detect_mental_cout >= 0  && find_tracks.detect_mental_cout <= 1)  //没有检测到金属和第一次检测到金属寻迹
main.c: 1 warning, 0 errors
linking...
Program Size: Code=11976 RO-data=2340 RW-data=1232 ZI-data=1856  
FromELF: creating hex file...
"..\OBJ\双创智能小车.axf" - 0 Error(s), 1 Warning(s).

<h2>Collection of Component include folders:</h2>
  C:\Users\86177\Desktop\102实验室智能小车\USER\RTE
  C:\Keil_v5\ARM\PACK\Keil\STM32F1xx_DFP\1.0.5\Device\Include

<h2>Collection of Component Files used:</h2>
</pre>
</body>
</html>
